Archive member included to satisfy reference by file (symbol)

app/libapp.a(main.c.obj)      (--whole-archive)
zephyr/libzephyr.a(heap.c.obj)
                              (--whole-archive)
zephyr/libzephyr.a(cbprintf_packaged.c.obj)
                              (--whole-archive)
zephyr/libzephyr.a(printk.c.obj)
                              (--whole-archive)
zephyr/libzephyr.a(sem.c.obj)
                              (--whole-archive)
zephyr/libzephyr.a(thread_entry.c.obj)
                              (--whole-archive)
zephyr/libzephyr.a(cbprintf_complete.c.obj)
                              (--whole-archive)
zephyr/libzephyr.a(assert.c.obj)
                              (--whole-archive)
zephyr/libzephyr.a(dec.c.obj)
                              (--whole-archive)
zephyr/libzephyr.a(hex.c.obj)
                              (--whole-archive)
zephyr/libzephyr.a(rb.c.obj)  (--whole-archive)
zephyr/libzephyr.a(timeutil.c.obj)
                              (--whole-archive)
zephyr/libzephyr.a(bitarray.c.obj)
                              (--whole-archive)
zephyr/libzephyr.a(configs.c.obj)
                              (--whole-archive)
zephyr/libzephyr.a(soc.c.obj)
                              (--whole-archive)
zephyr/libzephyr.a(tracing_none.c.obj)
                              (--whole-archive)
zephyr/libzephyr.a(bsp_rom_registers.c.obj)
                              (--whole-archive)
zephyr/libzephyr.a(bsp_clocks.c.obj)
                              (--whole-archive)
zephyr/libzephyr.a(bsp_delay.c.obj)
                              (--whole-archive)
zephyr/libzephyr.a(bsp_register_protection.c.obj)
                              (--whole-archive)
zephyr/libzephyr.a(bsp_irq.c.obj)
                              (--whole-archive)
zephyr/libzephyr.a(r_sci_uart.c.obj)
                              (--whole-archive)
zephyr/arch/common/libarch__common.a(sw_isr_common.c.obj)
                              (--whole-archive)
zephyr/arch/arch/arm/core/libarch__arm__core.a(fatal.c.obj)
                              (--whole-archive)
zephyr/arch/arch/arm/core/libarch__arm__core.a(nmi.c.obj)
                              (--whole-archive)
zephyr/arch/arch/arm/core/libarch__arm__core.a(nmi_on_reset.S.obj)
                              (--whole-archive)
zephyr/arch/arch/arm/core/libarch__arm__core.a(tls.c.obj)
                              (--whole-archive)
zephyr/arch/arch/arm/core/cortex_m/libarch__arm__core__cortex_m.a(exc_exit.c.obj)
                              (--whole-archive)
zephyr/arch/arch/arm/core/cortex_m/libarch__arm__core__cortex_m.a(fault.c.obj)
                              (--whole-archive)
zephyr/arch/arch/arm/core/cortex_m/libarch__arm__core__cortex_m.a(fault_s.S.obj)
                              (--whole-archive)
zephyr/arch/arch/arm/core/cortex_m/libarch__arm__core__cortex_m.a(fpu.c.obj)
                              (--whole-archive)
zephyr/arch/arch/arm/core/cortex_m/libarch__arm__core__cortex_m.a(reset.S.obj)
                              (--whole-archive)
zephyr/arch/arch/arm/core/cortex_m/libarch__arm__core__cortex_m.a(scb.c.obj)
                              (--whole-archive)
zephyr/arch/arch/arm/core/cortex_m/libarch__arm__core__cortex_m.a(thread_abort.c.obj)
                              (--whole-archive)
zephyr/arch/arch/arm/core/cortex_m/libarch__arm__core__cortex_m.a(vector_table.S.obj)
                              (--whole-archive)
zephyr/arch/arch/arm/core/cortex_m/libarch__arm__core__cortex_m.a(swap.c.obj)
                              (--whole-archive)
zephyr/arch/arch/arm/core/cortex_m/libarch__arm__core__cortex_m.a(swap_helper.S.obj)
                              (--whole-archive)
zephyr/arch/arch/arm/core/cortex_m/libarch__arm__core__cortex_m.a(irq_manage.c.obj)
                              (--whole-archive)
zephyr/arch/arch/arm/core/cortex_m/libarch__arm__core__cortex_m.a(prep_c.c.obj)
                              (--whole-archive)
zephyr/arch/arch/arm/core/cortex_m/libarch__arm__core__cortex_m.a(thread.c.obj)
                              (--whole-archive)
zephyr/arch/arch/arm/core/cortex_m/libarch__arm__core__cortex_m.a(cpu_idle.c.obj)
                              (--whole-archive)
zephyr/arch/arch/arm/core/cortex_m/libarch__arm__core__cortex_m.a(irq_init.c.obj)
                              (--whole-archive)
zephyr/arch/arch/arm/core/cortex_m/libarch__arm__core__cortex_m.a(isr_wrapper.c.obj)
                              (--whole-archive)
zephyr/arch/arch/arm/core/cortex_m/libarch__arm__core__cortex_m.a(__aeabi_read_tp.S.obj)
                              (--whole-archive)
zephyr/arch/arch/arm/core/cortex_m/cmse/libarch__arm__core__cortex_m__cmse.a(arm_core_cmse.c.obj)
                              (--whole-archive)
zephyr/lib/libc/picolibc/liblib__libc__picolibc.a(libc-hooks.c.obj)
                              (--whole-archive)
zephyr/lib/libc/common/liblib__libc__common.a(abort.c.obj)
                              (--whole-archive)
[...]
Memory Configuration

Name             Origin             Length             Attributes
FLASH            0x0000000000000000 0x0000000000200000 xr
RAM              0x0000000020000000 0x0000000000080000 xw
OPTION_SETTING_OFS 0x000000000100a100 0x0000000000000018
OPTION_SETTING_SAS 0x000000000100a134 0x00000000000000cc
OPTION_SETTING_S 0x000000000100a200 0x0000000000000100
IDT_LIST         0x00000000ffff7fff 0x0000000000008000 xw
*default*        0x0000000000000000 0xffffffffffffffff

Linker script and memory map

                0x0000000000002650                vfprintf = __d_vfprintf
                0x0000000000000000                vfscanf = __d_vfscanf
LOAD zephyr/CMakeFiles/zephyr_final.dir/misc/empty_file.c.obj
LOAD zephyr/CMakeFiles/zephyr_final.dir/isr_tables.c.obj
LOAD zephyr/CMakeFiles/offsets.dir/./arch/arm/core/offsets/offsets.c.obj
LOAD app/libapp.a
LOAD zephyr/libzephyr.a
LOAD zephyr/arch/common/libarch__common.a
LOAD zephyr/arch/arch/arm/core/libarch__arm__core.a
LOAD zephyr/arch/arch/arm/core/cortex_m/libarch__arm__core__cortex_m.a
LOAD zephyr/arch/arch/arm/core/cortex_m/cmse/libarch__arm__core__cortex_m__cmse.a
LOAD zephyr/lib/libc/picolibc/liblib__libc__picolibc.a
LOAD zephyr/lib/libc/common/liblib__libc__common.a
LOAD zephyr/drivers/clock_control/libdrivers__clock_control.a
LOAD zephyr/drivers/console/libdrivers__console.a
LOAD zephyr/drivers/gpio/libdrivers__gpio.a
LOAD zephyr/drivers/pinctrl/libdrivers__pinctrl.a
LOAD zephyr/drivers/serial/libdrivers__serial.a
LOAD zephyr/drivers/timer/libdrivers__timer.a
LOAD zephyr/kernel/libkernel.a
LOAD zephyr/arch/common/libisr_tables.a
LOAD c:\ncs\toolchains\b620d30767\opt\zephyr-sdk\arm-zephyr-eabi\bin\../lib/gcc/../../picolibc/arm-zephyr-eabi/lib/thumb/v8-m.main+fp/hard\libc.a
LOAD c:/ncs/toolchains/b620d30767/opt/zephyr-sdk/arm-zephyr-eabi/bin/../lib/gcc/arm-zephyr-eabi/12.2.0/thumb/v8-m.main+fp/hard\libgcc.a
                0x0000000000000004                _region_min_align = 0x4

.rel.plt        0x0000000000000000        0x0
 *(SORT_BY_ALIGNMENT(.rel.plt))
                [!provide]                        PROVIDE (__rel_iplt_start = .)
 *(SORT_BY_ALIGNMENT(.rel.iplt))
 .rel.iplt      0x0000000000000000        0x0 zephyr/CMakeFiles/zephyr_final.dir/isr_tables.c.obj
                [!provide]                        PROVIDE (__rel_iplt_end = .)

.rela.plt       0x0000000000000000        0x0
 *(SORT_BY_ALIGNMENT(.rela.plt))
                [!provide]                        PROVIDE (__rela_iplt_start = .)
 *(SORT_BY_ALIGNMENT(.rela.iplt))
                [!provide]                        PROVIDE (__rela_iplt_end = .)

.rel.dyn
 *(SORT_BY_ALIGNMENT(.rel.*))

.rela.dyn
 *(SORT_BY_ALIGNMENT(.rela.*))

/DISCARD/
 *(SORT_BY_ALIGNMENT(.plt))

/DISCARD/
 *(SORT_BY_ALIGNMENT(.iplt))
                0x0000000000000000                __rom_region_start = 0x0

rom_start       0x0000000000000000      0x1c0
                0x0000000000000000                __rom_start_address = .
 FILL mask 0x00
                0x0000000000000000                . = (. + (0x0 - (. - __rom_start_address)))
                0x0000000000000000                . = ALIGN (0x4)
                0x0000000000000000                . = ALIGN (0x80)
                0x0000000000000000                . = ALIGN (0x200)
                0x0000000000000000                _vector_start = .
 *(SORT_BY_ALIGNMENT(.exc_vector_table))
 *(SORT_BY_ALIGNMENT(.exc_vector_table.*))
 .exc_vector_table._vector_table_section
                0x0000000000000000       0x40 zephyr/arch/arch/arm/core/cortex_m/libarch__arm__core__cortex_m.a(vector_table.S.obj)
                0x0000000000000000                _vector_table
 *(SORT_BY_ALIGNMENT(.vectors))
                0x00000000000001c0                _vector_end = .
                0x0000000000000040                . = ALIGN (0x4)
 *(SORT_BY_ALIGNMENT(.gnu.linkonce.irq_vector_table*))
 .gnu.linkonce.irq_vector_table
                0x0000000000000040      0x180 zephyr/CMakeFiles/zephyr_final.dir/isr_tables.c.obj
                0x0000000000000040                _irq_vector_table
                0x00000000000001c0                _vector_end = .

text            0x00000000000001c0     0x40b4
                0x00000000000001c0                __text_region_start = .
 *(SORT_BY_ALIGNMENT(.text))
 .text          0x00000000000001c0       0xa0 c:/ncs/toolchains/b620d30767/opt/zephyr-sdk/arm-zephyr-eabi/bin/../lib/gcc/arm-zephyr-eabi/12.2.0/thumb/v8-m.main+fp/hard\libgcc.a(_aeabi_ldivmod.o)
                0x00000000000001c0                __aeabi_ldivmod
 .text          0x0000000000000260       0x30 c:/ncs/toolchains/b620d30767/opt/zephyr-sdk/arm-zephyr-eabi/bin/../lib/gcc/arm-zephyr-eabi/12.2.0/thumb/v8-m.main+fp/hard\libgcc.a(_aeabi_uldivmod.o)
                0x0000000000000260                __aeabi_uldivmod
 .text          0x0000000000000290        0x4 c:/ncs/toolchains/b620d30767/opt/zephyr-sdk/arm-zephyr-eabi/bin/../lib/gcc/arm-zephyr-eabi/12.2.0/thumb/v8-m.main+fp/hard\libgcc.a(_dvmd_tls.o)
                0x0000000000000290                __aeabi_idiv0
                0x0000000000000290                __aeabi_ldiv0
 .text          0x0000000000000294      0x29c c:/ncs/toolchains/b620d30767/opt/zephyr-sdk/arm-zephyr-eabi/bin/../lib/gcc/arm-zephyr-eabi/12.2.0/thumb/v8-m.main+fp/hard\libgcc.a(_udivmoddi4.o)
                0x0000000000000294                __udivmoddi4
 *(SORT_BY_ALIGNMENT(.text.*))
 .text.main     0x0000000000000530       0x70 app/libapp.a(main.c.obj)
                0x0000000000000530                main
 .text.char_out
                0x00000000000005a0        0xc zephyr/libzephyr.a(printk.c.obj)
 .text.__printk_hook_install
                0x00000000000005ac        0xc zephyr/libzephyr.a(printk.c.obj)
                0x00000000000005ac                __printk_hook_install
 .text.vprintk  0x00000000000005b8       0x30 zephyr/libzephyr.a(printk.c.obj)
                0x00000000000005b8                vprintk
 .text.z_thread_entry
                0x00000000000005e8       0x34 zephyr/libzephyr.a(thread_entry.c.obj)
                0x00000000000005e8                z_thread_entry
 .text.renesas_ra6m5_init
                0x000000000000061c       0x68 zephyr/libzephyr.a(soc.c.obj)
 .text.SystemCoreClockUpdate
                0x0000000000000684       0x28 zephyr/libzephyr.a(bsp_clocks.c.obj)
                0x0000000000000684                SystemCoreClockUpdate
 .text.bsp_clock_init
                0x00000000000006ac      0x10c zephyr/libzephyr.a(bsp_clocks.c.obj)
                0x00000000000006ac                bsp_clock_init
 .text.R_BSP_SourceClockHzGet
                0x00000000000007b8        0xc zephyr/libzephyr.a(bsp_clocks.c.obj)
                0x00000000000007b8                R_BSP_SourceClockHzGet
 .text.R_BSP_SoftwareDelay
                0x00000000000007c4       0x4c zephyr/libzephyr.a(bsp_delay.c.obj)
                0x00000000000007c4                R_BSP_SoftwareDelay
 .text.R_BSP_RegisterProtectEnable
                0x0000000000000810       0x58 zephyr/libzephyr.a(bsp_register_protection.c.obj)
                0x0000000000000810                R_BSP_RegisterProtectEnable
 .text.R_BSP_RegisterProtectDisable
                0x0000000000000868       0x50 zephyr/libzephyr.a(bsp_register_protection.c.obj)
                0x0000000000000868                R_BSP_RegisterProtectDisable
 .text.R_BSP_IrqStatusClear
                0x00000000000008b8       0x1c zephyr/libzephyr.a(bsp_irq.c.obj)
                0x00000000000008b8                R_BSP_IrqStatusClear
 .text.R_BSP_IrqClearPending
                0x00000000000008d4       0x24 zephyr/libzephyr.a(bsp_irq.c.obj)
                0x00000000000008d4                R_BSP_IrqClearPending
 .text.R_BSP_IrqCfg
                0x00000000000008f8       0x1c zephyr/libzephyr.a(bsp_irq.c.obj)
                0x00000000000008f8                R_BSP_IrqCfg
 .text.R_BSP_IrqEnableNoClear
                0x0000000000000914       0x18 zephyr/libzephyr.a(bsp_irq.c.obj)
                0x0000000000000914                R_BSP_IrqEnableNoClear
 .text.R_BSP_IrqDisable
                0x000000000000092c       0x20 zephyr/libzephyr.a(bsp_irq.c.obj)
                0x000000000000092c                R_BSP_IrqDisable
 .text.R_SCI_UART_Close
                0x000000000000094c       0x60 zephyr/libzephyr.a(r_sci_uart.c.obj)
                0x000000000000094c                R_SCI_UART_Close
 .text.R_SCI_UART_Open
                0x00000000000009ac      0x1fc zephyr/libzephyr.a(r_sci_uart.c.obj)
                0x00000000000009ac                R_SCI_UART_Open
 .text.R_SCI_UART_BaudCalculate
                0x0000000000000ba8      0x168 zephyr/libzephyr.a(r_sci_uart.c.obj)
                0x0000000000000ba8                R_SCI_UART_BaudCalculate
 .text.z_SysNmiOnReset
                0x0000000000000d10        0x8 zephyr/arch/arch/arm/core/libarch__arm__core.a(nmi_on_reset.S.obj)
                0x0000000000000d10                z_SysNmiOnReset
 .text.arch_tls_stack_setup
                0x0000000000000d18       0x40 zephyr/arch/arch/arm/core/libarch__arm__core.a(tls.c.obj)
                0x0000000000000d18                arch_tls_stack_setup
 .text._HandlerModeExit
                0x0000000000000d58       0x28 zephyr/arch/arch/arm/core/cortex_m/libarch__arm__core__cortex_m.a(exc_exit.c.obj)
                0x0000000000000d58                z_arm_int_exit
                0x0000000000000d58                z_arm_exc_exit
 .text.usage_fault.constprop.0
                0x0000000000000d80       0x5c zephyr/arch/arch/arm/core/cortex_m/libarch__arm__core__cortex_m.a(fault.c.obj)
 .text.bus_fault.constprop.0
                0x0000000000000ddc       0x6c zephyr/arch/arch/arm/core/cortex_m/libarch__arm__core__cortex_m.a(fault.c.obj)
 .text.mem_manage_fault.constprop.0
                0x0000000000000e48       0x78 zephyr/arch/arch/arm/core/cortex_m/libarch__arm__core__cortex_m.a(fault.c.obj)
 .text.z_arm_fault
                0x0000000000000ec0      0x118 zephyr/arch/arch/arm/core/cortex_m/libarch__arm__core__cortex_m.a(fault.c.obj)
                0x0000000000000ec0                z_arm_fault
 .text.z_arm_fault_init
                0x0000000000000fd8       0x18 zephyr/arch/arch/arm/core/cortex_m/libarch__arm__core__cortex_m.a(fault.c.obj)
                0x0000000000000fd8                z_arm_fault_init
 .text.__fault  0x0000000000000ff0       0x14 zephyr/arch/arch/arm/core/cortex_m/libarch__arm__core__cortex_m.a(fault_s.S.obj)
                0x0000000000000ff0                z_arm_usage_fault
                0x0000000000000ff0                z_arm_mpu_fault
                0x0000000000000ff0                z_arm_exc_spurious
                0x0000000000000ff0                z_arm_debug_monitor
                0x0000000000000ff0                z_arm_hard_fault
                0x0000000000000ff0                z_arm_bus_fault
 .text._reset_section
                0x0000000000001004       0x2c zephyr/arch/arch/arm/core/cortex_m/libarch__arm__core__cortex_m.a(reset.S.obj)
                0x0000000000001004                __start
                0x0000000000001004                z_arm_reset
 .text.z_impl_k_thread_abort
                0x0000000000001030       0x2c zephyr/arch/arch/arm/core/cortex_m/libarch__arm__core__cortex_m.a(thread_abort.c.obj)
                0x0000000000001030                z_impl_k_thread_abort
 .text.arch_swap
                0x000000000000105c       0x30 zephyr/arch/arch/arm/core/cortex_m/libarch__arm__core__cortex_m.a(swap.c.obj)
                0x000000000000105c                arch_swap
 .text.z_arm_pendsv_c
                0x000000000000108c       0x50 zephyr/arch/arch/arm/core/cortex_m/libarch__arm__core__cortex_m.a(swap.c.obj)
                0x000000000000108c                z_arm_pendsv_c
 .text.z_arm_pendsv
                0x00000000000010dc       0x6c zephyr/arch/arch/arm/core/cortex_m/libarch__arm__core__cortex_m.a(swap_helper.S.obj)
                0x00000000000010dc                z_arm_pendsv
 .text.z_arm_svc
                0x0000000000001148       0x20 zephyr/arch/arch/arm/core/cortex_m/libarch__arm__core__cortex_m.a(swap_helper.S.obj)
                0x0000000000001148                z_arm_svc
 .text.arch_irq_enable
                0x0000000000001168       0x1c zephyr/arch/arch/arm/core/cortex_m/libarch__arm__core__cortex_m.a(irq_manage.c.obj)
                0x0000000000001168                arch_irq_enable
 .text.arch_irq_disable
                0x0000000000001184       0x28 zephyr/arch/arch/arm/core/cortex_m/libarch__arm__core__cortex_m.a(irq_manage.c.obj)
                0x0000000000001184                arch_irq_disable
 .text.z_arm_irq_priority_set
                0x00000000000011ac       0x2c zephyr/arch/arch/arm/core/cortex_m/libarch__arm__core__cortex_m.a(irq_manage.c.obj)
                0x00000000000011ac                z_arm_irq_priority_set
 .text.z_prep_c
                0x00000000000011d8       0x54 zephyr/arch/arch/arm/core/cortex_m/libarch__arm__core__cortex_m.a(prep_c.c.obj)
                0x00000000000011d8                z_prep_c
 .text.arch_new_thread
                0x000000000000122c       0x40 zephyr/arch/arch/arm/core/cortex_m/libarch__arm__core__cortex_m.a(thread.c.obj)
                0x000000000000122c                arch_new_thread
 .text.arch_float_disable
                0x000000000000126c       0x48 zephyr/arch/arch/arm/core/cortex_m/libarch__arm__core__cortex_m.a(thread.c.obj)
                0x000000000000126c                arch_float_disable
 .text.arch_switch_to_main_thread
                0x00000000000012b4       0x54 zephyr/arch/arch/arm/core/cortex_m/libarch__arm__core__cortex_m.a(thread.c.obj)
                0x00000000000012b4                arch_switch_to_main_thread
 .text.z_arm_cpu_idle_init
                0x0000000000001308        0xc zephyr/arch/arch/arm/core/cortex_m/libarch__arm__core__cortex_m.a(cpu_idle.c.obj)
                0x0000000000001308                z_arm_cpu_idle_init
 .text.z_arm_interrupt_init
                0x0000000000001314       0x18 zephyr/arch/arch/arm/core/cortex_m/libarch__arm__core__cortex_m.a(irq_init.c.obj)
                0x0000000000001314                z_arm_interrupt_init
 .text._isr_wrapper
                0x000000000000132c       0x24 zephyr/arch/arch/arm/core/cortex_m/libarch__arm__core__cortex_m.a(isr_wrapper.c.obj)
                0x000000000000132c                _isr_wrapper
 .text.z_impl_zephyr_fputc
                0x0000000000001350       0x10 zephyr/lib/libc/picolibc/liblib__libc__picolibc.a(libc-hooks.c.obj)
                0x0000000000001350                z_impl_zephyr_fputc
 .text.__stdout_hook_install
                0x0000000000001360       0x18 zephyr/lib/libc/picolibc/liblib__libc__picolibc.a(libc-hooks.c.obj)
                0x0000000000001360                __stdout_hook_install
 .text.malloc_prepare
                0x0000000000001378       0x24 zephyr/lib/libc/common/liblib__libc__common.a(malloc.c.obj)
 .text.clock_control_renesas_ra_on
                0x000000000000139c       0x28 zephyr/drivers/clock_control/libdrivers__clock_control.a(clock_control_renesas_ra_cgc.c.obj)
 .text.clock_control_renesas_ra_off
                0x00000000000013c4       0x28 zephyr/drivers/clock_control/libdrivers__clock_control.a(clock_control_renesas_ra_cgc.c.obj)
 .text.uart_console_init
                0x00000000000013ec       0x28 zephyr/drivers/console/libdrivers__console.a(uart_console.c.obj)
 .text.console_out
                0x0000000000001414       0x28 zephyr/drivers/console/libdrivers__console.a(uart_console.c.obj)
 .text.gpio_ra_pin_configure
                0x000000000000143c       0xb4 zephyr/drivers/gpio/libdrivers__gpio.a(gpio_renesas_ra_ioport.c.obj)
 .text.pinctrl_configure_pins
                0x00000000000014f0       0x78 zephyr/drivers/pinctrl/libdrivers__pinctrl.a(pinctrl_ra.c.obj)
                0x00000000000014f0                pinctrl_configure_pins
 .text.uart_ra_sci_irq_err_enable
                0x0000000000001568       0x24 zephyr/drivers/serial/libdrivers__serial.a(uart_renesas_ra_sci.c.obj)
 .text.uart_ra_sci_irq_err_disable
                0x000000000000158c       0x2c zephyr/drivers/serial/libdrivers__serial.a(uart_renesas_ra_sci.c.obj)
 .text.uart_ra_sci_rxi_isr
                0x00000000000015b8       0x28 zephyr/drivers/serial/libdrivers__serial.a(uart_renesas_ra_sci.c.obj)
 .text.uart_ra_sci_txi_isr
                0x00000000000015e0       0x28 zephyr/drivers/serial/libdrivers__serial.a(uart_renesas_ra_sci.c.obj)
 .text.uart_ra_sci_tei_isr
                0x0000000000001608       0x28 zephyr/drivers/serial/libdrivers__serial.a(uart_renesas_ra_sci.c.obj)
 .text.uart_ra_sci_eri_isr
                0x0000000000001630       0x28 zephyr/drivers/serial/libdrivers__serial.a(uart_renesas_ra_sci.c.obj)
 .text.uart_ra_sci_apply_config
                0x0000000000001658       0x98 zephyr/drivers/serial/libdrivers__serial.a(uart_renesas_ra_sci.c.obj)
 .text.uart_ra_sci_init0
                0x00000000000016f0       0xcc zephyr/drivers/serial/libdrivers__serial.a(uart_renesas_ra_sci.c.obj)
 .text.elapsed  0x00000000000017bc       0x4c zephyr/drivers/timer/libdrivers__timer.a(cortex_m_systick.c.obj)
 .text.sys_clock_driver_init
                0x0000000000001808       0x38 zephyr/drivers/timer/libdrivers__timer.a(cortex_m_systick.c.obj)
 .text.sys_clock_isr
                0x0000000000001840       0x60 zephyr/drivers/timer/libdrivers__timer.a(cortex_m_systick.c.obj)
                0x0000000000001840                sys_clock_isr
 .text.sys_clock_set_timeout
                0x00000000000018a0       0xfc zephyr/drivers/timer/libdrivers__timer.a(cortex_m_systick.c.obj)
                0x00000000000018a0                sys_clock_set_timeout
 .text.sys_clock_elapsed
                0x000000000000199c       0x3c zephyr/drivers/timer/libdrivers__timer.a(cortex_m_systick.c.obj)
                0x000000000000199c                sys_clock_elapsed
 .text.z_fatal_error
                0x00000000000019d8       0x30 zephyr/kernel/libkernel.a(fatal.c.obj)
                0x00000000000019d8                z_fatal_error
 .text.z_sys_init_run_level
                0x0000000000001a08       0x2c zephyr/kernel/libkernel.a(init.c.obj)
 .text.bg_thread_main
                0x0000000000001a34       0xc4 zephyr/kernel/libkernel.a(init.c.obj)
 .text.z_bss_zero
                0x0000000000001af8       0x18 zephyr/kernel/libkernel.a(init.c.obj)
                0x0000000000001af8                z_bss_zero
 .text.z_init_cpu
                0x0000000000001b10       0x68 zephyr/kernel/libkernel.a(init.c.obj)
                0x0000000000001b10                z_init_cpu
 .text.z_cstart
                0x0000000000001b78       0xc4 zephyr/kernel/libkernel.a(init.c.obj)
                0x0000000000001b78                z_cstart
 .text.z_setup_new_thread
                0x0000000000001c3c       0x70 zephyr/kernel/libkernel.a(thread.c.obj)
                0x0000000000001c3c                z_setup_new_thread
 .text.update_cache
                0x0000000000001cac       0x3c zephyr/kernel/libkernel.a(sched.c.obj)
 .text.unready_thread
                0x0000000000001ce8       0x30 zephyr/kernel/libkernel.a(sched.c.obj)
 .text.ready_thread
                0x0000000000001d18       0x68 zephyr/kernel/libkernel.a(sched.c.obj)
 .text.z_thread_halt
                0x0000000000001d80       0xec zephyr/kernel/libkernel.a(sched.c.obj)
 .text.move_thread_to_end_of_prio_q
                0x0000000000001e6c       0x74 zephyr/kernel/libkernel.a(sched.c.obj)
                0x0000000000001e6c                move_thread_to_end_of_prio_q
 .text.z_reschedule
                0x0000000000001ee0       0x24 zephyr/kernel/libkernel.a(sched.c.obj)
                0x0000000000001ee0                z_reschedule
 .text.z_sched_start
                0x0000000000001f04       0x3c zephyr/kernel/libkernel.a(sched.c.obj)
                0x0000000000001f04                z_sched_start
 .text.z_reschedule_irqlock
                0x0000000000001f40       0x28 zephyr/kernel/libkernel.a(sched.c.obj)
                0x0000000000001f40                z_reschedule_irqlock
 .text.k_sched_lock
                0x0000000000001f68       0x28 zephyr/kernel/libkernel.a(sched.c.obj)
                0x0000000000001f68                k_sched_lock
 .text.k_sched_unlock
                0x0000000000001f90       0x40 zephyr/kernel/libkernel.a(sched.c.obj)
                0x0000000000001f90                k_sched_unlock
 .text.z_sched_init
                0x0000000000001fd0       0x10 zephyr/kernel/libkernel.a(sched.c.obj)
                0x0000000000001fd0                z_sched_init
 .text.z_impl_k_yield
                0x0000000000001fe0       0x7c zephyr/kernel/libkernel.a(sched.c.obj)
                0x0000000000001fe0                z_impl_k_yield
 .text.z_tick_sleep
                0x000000000000205c       0x88 zephyr/kernel/libkernel.a(sched.c.obj)
 .text.z_impl_k_sleep
                0x00000000000020e4       0x3c zephyr/kernel/libkernel.a(sched.c.obj)
                0x00000000000020e4                z_impl_k_sleep
 .text.z_impl_k_sched_current_thread_query
                0x0000000000002120        0xc zephyr/kernel/libkernel.a(sched.c.obj)
                0x0000000000002120                z_impl_k_sched_current_thread_query
 .text.slice_timeout
                0x000000000000212c       0x20 zephyr/kernel/libkernel.a(timeslicing.c.obj)
 .text.thread_is_sliceable
                0x000000000000214c       0x3c zephyr/kernel/libkernel.a(timeslicing.c.obj)
                0x000000000000214c                thread_is_sliceable
 .text.z_reset_time_slice
                0x0000000000002188       0x50 zephyr/kernel/libkernel.a(timeslicing.c.obj)
                0x0000000000002188                z_reset_time_slice
 .text.z_time_slice
                0x00000000000021d8       0x60 zephyr/kernel/libkernel.a(timeslicing.c.obj)
                0x00000000000021d8                z_time_slice
 .text.z_data_copy
                0x0000000000002238       0x34 zephyr/kernel/libkernel.a(xip.c.obj)
                0x0000000000002238                z_data_copy
 .text.elapsed  0x000000000000226c       0x14 zephyr/kernel/libkernel.a(timeout.c.obj)
 .text.remove_timeout
                0x0000000000002280       0x38 zephyr/kernel/libkernel.a(timeout.c.obj)
 .text.next_timeout
                0x00000000000022b8       0x40 zephyr/kernel/libkernel.a(timeout.c.obj)
 .text.z_add_timeout
                0x00000000000022f8       0xf4 zephyr/kernel/libkernel.a(timeout.c.obj)
                0x00000000000022f8                z_add_timeout
 .text.sys_clock_announce
                0x00000000000023ec       0xd0 zephyr/kernel/libkernel.a(timeout.c.obj)
                0x00000000000023ec                sys_clock_announce
 .text.sys_clock_tick_get
                0x00000000000024bc       0x30 zephyr/kernel/libkernel.a(timeout.c.obj)
                0x00000000000024bc                sys_clock_tick_get
 .text.boot_banner
                0x00000000000024ec        0xc zephyr/kernel/libkernel.a(banner.c.obj)
                0x00000000000024ec                boot_banner
 .text.printf   0x00000000000024f8       0x24 c:\ncs\toolchains\b620d30767\opt\zephyr-sdk\arm-zephyr-eabi\bin\../lib/gcc/../../picolibc/arm-zephyr-eabi/lib/thumb/v8-m.main+fp/hard\libc.a(libc_tinystdio_printf.c.o)
                0x00000000000024f8                printf
 .text.skip_to_arg
                0x000000000000251c      0x134 c:\ncs\toolchains\b620d30767\opt\zephyr-sdk\arm-zephyr-eabi\bin\../lib/gcc/../../picolibc/arm-zephyr-eabi/lib/thumb/v8-m.main+fp/hard\libc.a(libc_tinystdio_vfprintf.c.o)
 .text.vfprintf
                0x0000000000002650      0x9a4 c:\ncs\toolchains\b620d30767\opt\zephyr-sdk\arm-zephyr-eabi\bin\../lib/gcc/../../picolibc/arm-zephyr-eabi/lib/thumb/v8-m.main+fp/hard\libc.a(libc_tinystdio_vfprintf.c.o)
                0x0000000000002650                __d_vfprintf
 .text.div10    0x0000000000002ff4       0x28 c:\ncs\toolchains\b620d30767\opt\zephyr-sdk\arm-zephyr-eabi\bin\../lib/gcc/../../picolibc/arm-zephyr-eabi/lib/thumb/v8-m.main+fp/hard\libc.a(libc_tinystdio_dtoa_ryu.c.o)
 .text.__dtoa_engine
                0x000000000000301c      0x4b4 c:\ncs\toolchains\b620d30767\opt\zephyr-sdk\arm-zephyr-eabi\bin\../lib/gcc/../../picolibc/arm-zephyr-eabi/lib/thumb/v8-m.main+fp/hard\libc.a(libc_tinystdio_dtoa_ryu.c.o)
                0x000000000000301c                __dtoa_engine
 .text.__log10Pow2
                0x00000000000034d0        0xc c:\ncs\toolchains\b620d30767\opt\zephyr-sdk\arm-zephyr-eabi\bin\../lib/gcc/../../picolibc/arm-zephyr-eabi/lib/thumb/v8-m.main+fp/hard\libc.a(libc_tinystdio_ryu_log10.c.o)
                0x00000000000034d0                __log10Pow2
 .text.__log10Pow5
                0x00000000000034dc        0xc c:\ncs\toolchains\b620d30767\opt\zephyr-sdk\arm-zephyr-eabi\bin\../lib/gcc/../../picolibc/arm-zephyr-eabi/lib/thumb/v8-m.main+fp/hard\libc.a(libc_tinystdio_ryu_log10.c.o)
                0x00000000000034dc                __log10Pow5
 .text.__pow5bits
                0x00000000000034e8       0x10 c:\ncs\toolchains\b620d30767\opt\zephyr-sdk\arm-zephyr-eabi\bin\../lib/gcc/../../picolibc/arm-zephyr-eabi/lib/thumb/v8-m.main+fp/hard\libc.a(libc_tinystdio_ryu_pow5bits.c.o)
                0x00000000000034e8                __pow5bits
 .text.__pow5Factor
                0x00000000000034f8       0x30 c:\ncs\toolchains\b620d30767\opt\zephyr-sdk\arm-zephyr-eabi\bin\../lib/gcc/../../picolibc/arm-zephyr-eabi/lib/thumb/v8-m.main+fp/hard\libc.a(libc_tinystdio_ryu_table.c.o)
                0x00000000000034f8                __pow5Factor
 .text.__double_computePow5
                0x0000000000003528       0xe4 c:\ncs\toolchains\b620d30767\opt\zephyr-sdk\arm-zephyr-eabi\bin\../lib/gcc/../../picolibc/arm-zephyr-eabi/lib/thumb/v8-m.main+fp/hard\libc.a(libc_tinystdio_ryu_table.c.o)
                0x0000000000003528                __double_computePow5
 .text.__double_computeInvPow5
                0x000000000000360c       0xf8 c:\ncs\toolchains\b620d30767\opt\zephyr-sdk\arm-zephyr-eabi\bin\../lib/gcc/../../picolibc/arm-zephyr-eabi/lib/thumb/v8-m.main+fp/hard\libc.a(libc_tinystdio_ryu_table.c.o)
                0x000000000000360c                __double_computeInvPow5
 .text._OffsetAbsSyms
                0x0000000000003704        0x2 zephyr/CMakeFiles/offsets.dir/./arch/arm/core/offsets/offsets.c.obj
                0x0000000000003704                _OffsetAbsSyms
 .text.chunk_field
                0x0000000000003706       0x16 zephyr/libzephyr.a(heap.c.obj)
 .text.chunk_set
                0x000000000000371c       0x16 zephyr/libzephyr.a(heap.c.obj)
 .text.chunk_size
                0x0000000000003732        0xc zephyr/libzephyr.a(heap.c.obj)
 .text.set_chunk_used
                0x000000000000373e       0x30 zephyr/libzephyr.a(heap.c.obj)
 .text.set_chunk_size
                0x000000000000376e        0x8 zephyr/libzephyr.a(heap.c.obj)
 .text.bucket_idx.isra.0
                0x0000000000003776       0x1c zephyr/libzephyr.a(heap.c.obj)
 .text.free_list_add
                0x0000000000003792       0x84 zephyr/libzephyr.a(heap.c.obj)
 .text.sys_heap_init
                0x0000000000003816       0xb0 zephyr/libzephyr.a(heap.c.obj)
                0x0000000000003816                sys_heap_init
 .text.arch_printk_char_out
                0x00000000000038c6        0x4 zephyr/libzephyr.a(printk.c.obj)
                0x00000000000038c6                arch_printk_char_out
 .text.printk   0x00000000000038ca       0x1a zephyr/libzephyr.a(printk.c.obj)
                0x00000000000038ca                printk
 .text._ConfigAbsSyms
                0x00000000000038e4        0x2 zephyr/libzephyr.a(configs.c.obj)
                0x00000000000038e4                _ConfigAbsSyms
 .text.R_BSP_SubClockStabilizeWaitAfterReset
                0x00000000000038e6        0x2 zephyr/libzephyr.a(bsp_clocks.c.obj)
                0x00000000000038e6                R_BSP_SubClockStabilizeWaitAfterReset
 .text.bsp_prv_software_delay_loop
                0x00000000000038e8        0xa zephyr/libzephyr.a(bsp_delay.c.obj)
                0x00000000000038e8                bsp_prv_software_delay_loop
 .text.R_BSP_IrqEnable
                0x00000000000038f2       0x12 zephyr/libzephyr.a(bsp_irq.c.obj)
                0x00000000000038f2                R_BSP_IrqEnable
 .text.r_sci_irq_cfg
                0x0000000000003904       0x22 zephyr/libzephyr.a(r_sci_uart.c.obj)
 .text.z_arm_fatal_error
                0x0000000000003926        0xc zephyr/arch/arch/arm/core/libarch__arm__core.a(fatal.c.obj)
                0x0000000000003926                z_arm_fatal_error
 .text.z_do_kernel_oops
                0x0000000000003932        0x8 zephyr/arch/arch/arm/core/libarch__arm__core.a(fatal.c.obj)
                0x0000000000003932                z_do_kernel_oops
 .text.z_arm_nmi
                0x000000000000393a        0xe zephyr/arch/arch/arm/core/libarch__arm__core.a(nmi.c.obj)
                0x000000000000393a                z_arm_nmi
 .text.z_irq_spurious
                0x0000000000003948        0x8 zephyr/arch/arch/arm/core/cortex_m/libarch__arm__core__cortex_m.a(irq_manage.c.obj)
                0x0000000000003948                z_irq_spurious
 .text.arch_irq_unlock_outlined
                0x0000000000003950        0xe zephyr/arch/arch/arm/core/cortex_m/libarch__arm__core__cortex_m.a(thread.c.obj)
                0x0000000000003950                arch_irq_unlock_outlined
 .text.arch_cpu_idle
                0x000000000000395e       0x1a zephyr/arch/arch/arm/core/cortex_m/libarch__arm__core__cortex_m.a(cpu_idle.c.obj)
                0x000000000000395e                arch_cpu_idle
 .text.picolibc_put
                0x0000000000003978        0xa zephyr/lib/libc/picolibc/liblib__libc__picolibc.a(libc-hooks.c.obj)
 .text.clock_control_ra_init_pclk
                0x0000000000003982        0x4 zephyr/drivers/clock_control/libdrivers__clock_control.a(clock_control_renesas_ra_cgc.c.obj)
 .text.clock_control_ra_init
                0x0000000000003986        0xa zephyr/drivers/clock_control/libdrivers__clock_control.a(clock_control_renesas_ra_cgc.c.obj)
 .text.clock_control_renesas_ra_get_rate
                0x0000000000003990       0x44 zephyr/drivers/clock_control/libdrivers__clock_control.a(clock_control_renesas_ra_cgc.c.obj)
 .text.gpio_ra_port_get_raw
                0x00000000000039d4        0xe zephyr/drivers/gpio/libdrivers__gpio.a(gpio_renesas_ra_ioport.c.obj)
 .text.gpio_ra_port_set_masked_raw
                0x00000000000039e2       0x16 zephyr/drivers/gpio/libdrivers__gpio.a(gpio_renesas_ra_ioport.c.obj)
 .text.gpio_ra_port_set_bits_raw
                0x00000000000039f8       0x10 zephyr/drivers/gpio/libdrivers__gpio.a(gpio_renesas_ra_ioport.c.obj)
 .text.gpio_ra_port_clear_bits_raw
                0x0000000000003a08       0x12 zephyr/drivers/gpio/libdrivers__gpio.a(gpio_renesas_ra_ioport.c.obj)
 .text.gpio_ra_port_toggle_bits
                0x0000000000003a1a       0x10 zephyr/drivers/gpio/libdrivers__gpio.a(gpio_renesas_ra_ioport.c.obj)
 .text.pinctrl_lookup_state
                0x0000000000003a2a       0x26 zephyr/drivers/pinctrl/libdrivers__pinctrl.a(common.c.obj)
                0x0000000000003a2a                pinctrl_lookup_state
 .text.uart_ra_sci_poll_in
                0x0000000000003a50       0x2a zephyr/drivers/serial/libdrivers__serial.a(uart_renesas_ra_sci.c.obj)
 .text.uart_ra_sci_poll_out
                0x0000000000003a7a       0x22 zephyr/drivers/serial/libdrivers__serial.a(uart_renesas_ra_sci.c.obj)
 .text.uart_ra_sci_err_check
                0x0000000000003a9c       0x3a zephyr/drivers/serial/libdrivers__serial.a(uart_renesas_ra_sci.c.obj)
 .text.uart_ra_sci_fifo_fill
                0x0000000000003ad6       0x4a zephyr/drivers/serial/libdrivers__serial.a(uart_renesas_ra_sci.c.obj)
 .text.uart_ra_sci_fifo_read
                0x0000000000003b20       0x4a zephyr/drivers/serial/libdrivers__serial.a(uart_renesas_ra_sci.c.obj)
 .text.uart_ra_sci_irq_tx_enable
                0x0000000000003b6a       0x22 zephyr/drivers/serial/libdrivers__serial.a(uart_renesas_ra_sci.c.obj)
 .text.uart_ra_sci_irq_tx_disable
                0x0000000000003b8c        0xe zephyr/drivers/serial/libdrivers__serial.a(uart_renesas_ra_sci.c.obj)
 .text.uart_ra_sci_irq_tx_ready
                0x0000000000003b9a       0x22 zephyr/drivers/serial/libdrivers__serial.a(uart_renesas_ra_sci.c.obj)
 .text.uart_ra_sci_irq_tx_complete
                0x0000000000003bbc       0x16 zephyr/drivers/serial/libdrivers__serial.a(uart_renesas_ra_sci.c.obj)
 .text.uart_ra_sci_irq_rx_enable
                0x0000000000003bd2       0x24 zephyr/drivers/serial/libdrivers__serial.a(uart_renesas_ra_sci.c.obj)
 .text.uart_ra_sci_irq_rx_disable
                0x0000000000003bf6        0xe zephyr/drivers/serial/libdrivers__serial.a(uart_renesas_ra_sci.c.obj)
 .text.uart_ra_sci_irq_rx_ready
                0x0000000000003c04       0x2e zephyr/drivers/serial/libdrivers__serial.a(uart_renesas_ra_sci.c.obj)
 .text.uart_ra_sci_irq_is_pending
                0x0000000000003c32       0x50 zephyr/drivers/serial/libdrivers__serial.a(uart_renesas_ra_sci.c.obj)
 .text.uart_ra_sci_irq_update
                0x0000000000003c82       0x1c zephyr/drivers/serial/libdrivers__serial.a(uart_renesas_ra_sci.c.obj)
 .text.uart_ra_sci_irq_callback_set
                0x0000000000003c9e        0x8 zephyr/drivers/serial/libdrivers__serial.a(uart_renesas_ra_sci.c.obj)
 .text.uart_ra_sci_config_get
                0x0000000000003ca6        0xe zephyr/drivers/serial/libdrivers__serial.a(uart_renesas_ra_sci.c.obj)
 .text.uart_ra_sci_configure
                0x0000000000003cb4       0x4c zephyr/drivers/serial/libdrivers__serial.a(uart_renesas_ra_sci.c.obj)
 .text.z_device_state_init
                0x0000000000003d00        0x2 zephyr/kernel/libkernel.a(device.c.obj)
                0x0000000000003d00                z_device_state_init
 .text.z_impl_device_is_ready
                0x0000000000003d02       0x16 zephyr/kernel/libkernel.a(device.c.obj)
                0x0000000000003d02                z_impl_device_is_ready
 .text.arch_system_halt
                0x0000000000003d18       0x10 zephyr/kernel/libkernel.a(fatal.c.obj)
                0x0000000000003d18                arch_system_halt
 .text.k_sys_fatal_error_handler
                0x0000000000003d28        0x6 zephyr/kernel/libkernel.a(fatal.c.obj)
                0x0000000000003d28                k_sys_fatal_error_handler
 .text.do_device_init
                0x0000000000003d2e       0x30 zephyr/kernel/libkernel.a(init.c.obj)
 .text.z_early_memset
                0x0000000000003d5e        0x4 zephyr/kernel/libkernel.a(init.c.obj)
                0x0000000000003d5e                z_early_memset
 .text.z_early_memcpy
                0x0000000000003d62        0x4 zephyr/kernel/libkernel.a(init.c.obj)
                0x0000000000003d62                z_early_memcpy
 .text.z_init_static
                0x0000000000003d66        0x2 zephyr/kernel/libkernel.a(init_static.c.obj)
                0x0000000000003d66                z_init_static
 .text.idle     0x0000000000003d68       0x16 zephyr/kernel/libkernel.a(idle.c.obj)
                0x0000000000003d68                idle
 .text.z_impl_k_thread_start
                0x0000000000003d7e        0x4 zephyr/kernel/libkernel.a(thread.c.obj)
                0x0000000000003d7e                z_impl_k_thread_start
 .text.sys_dlist_remove
                0x0000000000003d82       0x10 zephyr/kernel/libkernel.a(sched.c.obj)
 .text.unpend_thread_no_timeout
                0x0000000000003d92       0x14 zephyr/kernel/libkernel.a(sched.c.obj)
 .text.z_ready_thread
                0x0000000000003da6       0x1e zephyr/kernel/libkernel.a(sched.c.obj)
                0x0000000000003da6                z_ready_thread
 .text.z_impl_k_thread_suspend
                0x0000000000003dc4       0x32 zephyr/kernel/libkernel.a(sched.c.obj)
                0x0000000000003dc4                z_impl_k_thread_suspend
 .text.z_sched_wake_thread
                0x0000000000003df6       0x42 zephyr/kernel/libkernel.a(sched.c.obj)
                0x0000000000003df6                z_sched_wake_thread
 .text.z_thread_timeout
                0x0000000000003e38        0x8 zephyr/kernel/libkernel.a(sched.c.obj)
                0x0000000000003e38                z_thread_timeout
 .text.z_thread_abort
                0x0000000000003e40       0x44 zephyr/kernel/libkernel.a(sched.c.obj)
                0x0000000000003e40                z_thread_abort
 .text.z_abort_timeout
                0x0000000000003e84       0x2a zephyr/kernel/libkernel.a(timeout.c.obj)
                0x0000000000003e84                z_abort_timeout
 .text.sys_clock_tick_get_32
                0x0000000000003eae        0x8 zephyr/kernel/libkernel.a(timeout.c.obj)
                0x0000000000003eae                sys_clock_tick_get_32
 .text.memcpy   0x0000000000003eb6       0x1a c:\ncs\toolchains\b620d30767\opt\zephyr-sdk\arm-zephyr-eabi\bin\../lib/gcc/../../picolibc/arm-zephyr-eabi/lib/thumb/v8-m.main+fp/hard\libc.a(memcpy.c.o)
                0x0000000000003eb6                __aeabi_memcpy
                0x0000000000003eb6                __aeabi_memcpy4
                0x0000000000003eb6                __aeabi_memcpy8
                0x0000000000003eb6                memcpy
 .text.memset   0x0000000000003ed0       0x10 c:\ncs\toolchains\b620d30767\opt\zephyr-sdk\arm-zephyr-eabi\bin\../lib/gcc/../../picolibc/arm-zephyr-eabi/lib/thumb/v8-m.main+fp/hard\libc.a(memset.c.o)
                0x0000000000003ed0                memset
 .text.strnlen  0x0000000000003ee0       0x18 c:\ncs\toolchains\b620d30767\opt\zephyr-sdk\arm-zephyr-eabi\bin\../lib/gcc/../../picolibc/arm-zephyr-eabi/lib/thumb/v8-m.main+fp/hard\libc.a(libc_string_strnlen.c.o)
                0x0000000000003ee0                strnlen
 .text.__ultoa_invert
                0x0000000000003ef8       0x4e c:\ncs\toolchains\b620d30767\opt\zephyr-sdk\arm-zephyr-eabi\bin\../lib/gcc/../../picolibc/arm-zephyr-eabi/lib/thumb/v8-m.main+fp/hard\libc.a(libc_tinystdio_vfprintf.c.o)
 .text.mulShiftAll64
                0x0000000000003f46      0x17a c:\ncs\toolchains\b620d30767\opt\zephyr-sdk\arm-zephyr-eabi\bin\../lib/gcc/../../picolibc/arm-zephyr-eabi/lib/thumb/v8-m.main+fp/hard\libc.a(libc_tinystdio_dtoa_ryu.c.o)
 .text.__umul128
                0x00000000000040c0       0x36 c:\ncs\toolchains\b620d30767\opt\zephyr-sdk\arm-zephyr-eabi\bin\../lib/gcc/../../picolibc/arm-zephyr-eabi/lib/thumb/v8-m.main+fp/hard\libc.a(libc_tinystdio_ryu_umul128.c.o)
                0x00000000000040c0                __umul128
 .text.__shiftright128
                0x00000000000040f6       0x3e c:\ncs\toolchains\b620d30767\opt\zephyr-sdk\arm-zephyr-eabi\bin\../lib/gcc/../../picolibc/arm-zephyr-eabi/lib/thumb/v8-m.main+fp/hard\libc.a(libc_tinystdio_ryu_umul128.c.o)
                0x00000000000040f6                __shiftright128
 .text.__dtox_engine
                0x0000000000004134      0x132 c:\ncs\toolchains\b620d30767\opt\zephyr-sdk\arm-zephyr-eabi\bin\../lib/gcc/../../picolibc/arm-zephyr-eabi/lib/thumb/v8-m.main+fp/hard\libc.a(libc_tinystdio_dtox_engine.c.o)
                0x0000000000004134                __dtox_engine
 *(SORT_BY_ALIGNMENT(.TEXT.*))
 *fill*         0x0000000000004266        0x2 
 .TEXT.__aeabi_read_tp
                0x0000000000004268        0xc zephyr/arch/arch/arm/core/cortex_m/libarch__arm__core__cortex_m.a(__aeabi_read_tp.S.obj)
                0x0000000000004268                __aeabi_read_tp
 *(SORT_BY_ALIGNMENT(.gnu.linkonce.t.*))
 *(SORT_BY_ALIGNMENT(.glue_7t))
 .glue_7t       0x0000000000004274        0x0 linker stubs
 *(SORT_BY_ALIGNMENT(.glue_7))
 .glue_7        0x0000000000004274        0x0 linker stubs
 *(SORT_BY_ALIGNMENT(.vfp11_veneer))
 .vfp11_veneer  0x0000000000004274        0x0 linker stubs
 *(SORT_BY_ALIGNMENT(.v4_bx))
 .v4_bx         0x0000000000004274        0x0 linker stubs
                0x0000000000004274                . = ALIGN (0x4)
                0x0000000000004274                __text_region_end = .

.ARM.exidx      0x0000000000004274        0x8
                0x0000000000004274                __exidx_start = .
 *(SORT_BY_ALIGNMENT(.ARM.exidx*) SORT_BY_ALIGNMENT(gnu.linkonce.armexidx.*))
 .ARM.exidx     0x0000000000004274        0x8 c:/ncs/toolchains/b620d30767/opt/zephyr-sdk/arm-zephyr-eabi/bin/../lib/gcc/arm-zephyr-eabi/12.2.0/thumb/v8-m.main+fp/hard\libgcc.a(_udivmoddi4.o)
                0x000000000000427c                __exidx_end = .
                0x000000000000427c                __rodata_region_start = .

initlevel       0x000000000000427c       0x70
                0x000000000000427c                __init_start = .
                0x000000000000427c                __init_EARLY_start = .
 *(SORT_BY_NAME(SORT_BY_ALIGNMENT(.z_init_EARLY?_*)))
 *(SORT_BY_NAME(SORT_BY_ALIGNMENT(.z_init_EARLY??_*)))
                0x000000000000427c                __init_PRE_KERNEL_1_start = .
 *(SORT_BY_NAME(SORT_BY_ALIGNMENT(.z_init_PRE_KERNEL_1?_*)))
 .z_init_PRE_KERNEL_10_0_
                0x000000000000427c        0x8 zephyr/libzephyr.a(soc.c.obj)
 *(SORT_BY_NAME(SORT_BY_ALIGNMENT(.z_init_PRE_KERNEL_1??_*)))
 .z_init_PRE_KERNEL_130_00011_
                0x0000000000004284        0x8 zephyr/drivers/clock_control/libdrivers__clock_control.a(clock_control_renesas_ra_cgc.c.obj)
 .z_init_PRE_KERNEL_130_00015_
                0x000000000000428c        0x8 zephyr/drivers/clock_control/libdrivers__clock_control.a(clock_control_renesas_ra_cgc.c.obj)
 .z_init_PRE_KERNEL_130_00016_
                0x0000000000004294        0x8 zephyr/drivers/clock_control/libdrivers__clock_control.a(clock_control_renesas_ra_cgc.c.obj)
 .z_init_PRE_KERNEL_130_00018_
                0x000000000000429c        0x8 zephyr/drivers/clock_control/libdrivers__clock_control.a(clock_control_renesas_ra_cgc.c.obj)
 .z_init_PRE_KERNEL_130_00019_
                0x00000000000042a4        0x8 zephyr/drivers/clock_control/libdrivers__clock_control.a(clock_control_renesas_ra_cgc.c.obj)
 .z_init_PRE_KERNEL_130_00020_
                0x00000000000042ac        0x8 zephyr/drivers/clock_control/libdrivers__clock_control.a(clock_control_renesas_ra_cgc.c.obj)
 .z_init_PRE_KERNEL_130_00023_
                0x00000000000042b4        0x8 zephyr/drivers/clock_control/libdrivers__clock_control.a(clock_control_renesas_ra_cgc.c.obj)
 .z_init_PRE_KERNEL_130_00056_
                0x00000000000042bc        0x8 zephyr/drivers/clock_control/libdrivers__clock_control.a(clock_control_renesas_ra_cgc.c.obj)
 .z_init_PRE_KERNEL_140_00029_
                0x00000000000042c4        0x8 zephyr/drivers/gpio/libdrivers__gpio.a(gpio_renesas_ra_ioport.c.obj)
 .z_init_PRE_KERNEL_150_00059_
                0x00000000000042cc        0x8 zephyr/drivers/serial/libdrivers__serial.a(uart_renesas_ra_sci.c.obj)
 .z_init_PRE_KERNEL_160_0_
                0x00000000000042d4        0x8 zephyr/drivers/console/libdrivers__console.a(uart_console.c.obj)
                0x00000000000042dc                __init_PRE_KERNEL_2_start = .
 *(SORT_BY_NAME(SORT_BY_ALIGNMENT(.z_init_PRE_KERNEL_2?_*)))
 .z_init_PRE_KERNEL_20_0_
                0x00000000000042dc        0x8 zephyr/drivers/timer/libdrivers__timer.a(cortex_m_systick.c.obj)
 *(SORT_BY_NAME(SORT_BY_ALIGNMENT(.z_init_PRE_KERNEL_2??_*)))
                0x00000000000042e4                __init_POST_KERNEL_start = .
 *(SORT_BY_NAME(SORT_BY_ALIGNMENT(.z_init_POST_KERNEL?_*)))
 *(SORT_BY_NAME(SORT_BY_ALIGNMENT(.z_init_POST_KERNEL??_*)))
 .z_init_POST_KERNEL35_0_
                0x00000000000042e4        0x8 zephyr/lib/libc/common/liblib__libc__common.a(malloc.c.obj)
                0x00000000000042ec                __init_APPLICATION_start = .
 *(SORT_BY_NAME(SORT_BY_ALIGNMENT(.z_init_APPLICATION?_*)))
 *(SORT_BY_NAME(SORT_BY_ALIGNMENT(.z_init_APPLICATION??_*)))
                0x00000000000042ec                __init_SMP_start = .
 *(SORT_BY_NAME(SORT_BY_ALIGNMENT(.z_init_SMP?_*)))
 *(SORT_BY_NAME(SORT_BY_ALIGNMENT(.z_init_SMP??_*)))
                0x00000000000042ec                __init_end = .
                0x00000000000042ec                __deferred_init_list_start = .
 *(SORT_BY_ALIGNMENT(.z_deferred_init*))
                0x00000000000042ec                __deferred_init_list_end = .

device_area     0x00000000000042ec       0xc8
                0x00000000000042ec                _device_list_start = .
 *(SORT_BY_NAME(SORT_BY_ALIGNMENT(._device.static.*_?_*)))
 *(SORT_BY_NAME(SORT_BY_ALIGNMENT(._device.static.*_??_*)))
 ._device.static.1_30_
                0x00000000000042ec       0xa0 zephyr/drivers/clock_control/libdrivers__clock_control.a(clock_control_renesas_ra_cgc.c.obj)
                0x00000000000042ec                __device_dts_ord_15
                0x0000000000004300                __device_dts_ord_23
                0x0000000000004314                __device_dts_ord_20
                0x0000000000004328                __device_dts_ord_19
                0x000000000000433c                __device_dts_ord_18
                0x0000000000004350                __device_dts_ord_56
                0x0000000000004364                __device_dts_ord_16
                0x0000000000004378                __device_dts_ord_11
 ._device.static.1_40_
                0x000000000000438c       0x14 zephyr/drivers/gpio/libdrivers__gpio.a(gpio_renesas_ra_ioport.c.obj)
                0x000000000000438c                __device_dts_ord_29
 ._device.static.1_50_
                0x00000000000043a0       0x14 zephyr/drivers/serial/libdrivers__serial.a(uart_renesas_ra_sci.c.obj)
                0x00000000000043a0                __device_dts_ord_59
                0x00000000000043b4                _device_list_end = .

sw_isr_table    0x00000000000043b4      0x300
                0x00000000000043b4                . = ALIGN (0x4)
 *(SORT_BY_ALIGNMENT(.gnu.linkonce.sw_isr_table*))
 .gnu.linkonce.sw_isr_table
                0x00000000000043b4      0x300 zephyr/CMakeFiles/zephyr_final.dir/isr_tables.c.obj
                0x00000000000043b4                _sw_isr_table

initlevel_error
                0x000000000000427c        0x0
 *(SORT_BY_NAME(SORT_BY_ALIGNMENT(.z_init_[_A-Z0-9]*)))
                0x0000000000000001                ASSERT ((SIZEOF (initlevel_error) == 0x0), Undefined initialization levels used.)

app_shmem_regions
                0x00000000000046b4        0x0
                0x00000000000046b4                __app_shmem_regions_start = .
 *(SORT_BY_NAME(SORT_BY_ALIGNMENT(.app_regions.*)))
                0x00000000000046b4                __app_shmem_regions_end = .

k_p4wq_initparam_area
                0x00000000000046b4        0x0
                0x00000000000046b4                _k_p4wq_initparam_list_start = .
 *(SORT_BY_NAME(SORT_BY_ALIGNMENT(._k_p4wq_initparam.static.*)))
                0x00000000000046b4                _k_p4wq_initparam_list_end = .

_static_thread_data_area
                0x00000000000046b4        0x0
                0x00000000000046b4                __static_thread_data_list_start = .
 *(SORT_BY_NAME(SORT_BY_ALIGNMENT(.__static_thread_data.static.*)))
                0x00000000000046b4                __static_thread_data_list_end = .

device_deps     0x00000000000046b4        0x0
                0x00000000000046b4                __device_deps_start = .
 *(SORT_BY_NAME(SORT_BY_ALIGNMENT(.__device_deps_pass2*)))
                0x00000000000046b4                __device_deps_end = .

ztest           0x00000000000046b4        0x0
                0x00000000000046b4                _ztest_expected_result_entry_list_start = .
 *(SORT_BY_NAME(SORT_BY_ALIGNMENT(._ztest_expected_result_entry.static.*)))
                0x00000000000046b4                _ztest_expected_result_entry_list_end = .
                0x00000000000046b4                _ztest_suite_node_list_start = .
 *(SORT_BY_NAME(SORT_BY_ALIGNMENT(._ztest_suite_node.static.*)))
                0x00000000000046b4                _ztest_suite_node_list_end = .
                0x00000000000046b4                _ztest_unit_test_list_start = .
 *(SORT_BY_NAME(SORT_BY_ALIGNMENT(._ztest_unit_test.static.*)))
                0x00000000000046b4                _ztest_unit_test_list_end = .
                0x00000000000046b4                _ztest_test_rule_list_start = .
 *(SORT_BY_NAME(SORT_BY_ALIGNMENT(._ztest_test_rule.static.*)))
                0x00000000000046b4                _ztest_test_rule_list_end = .

init_array      0x00000000000046b4        0x0
 *(SORT_BY_NAME(SORT_BY_ALIGNMENT(.ctors*)))
 *(SORT_BY_NAME(SORT_BY_ALIGNMENT(.init_array*)))
                0x0000000000000001                ASSERT ((SIZEOF (init_array) == 0x0), GNU-style constructors required but STATIC_INIT_GNU not enabled)

bt_l2cap_fixed_chan_area
                0x00000000000046b4        0x0
                0x00000000000046b4                _bt_l2cap_fixed_chan_list_start = .
 *(SORT_BY_NAME(SORT_BY_ALIGNMENT(._bt_l2cap_fixed_chan.static.*)))
                0x00000000000046b4                _bt_l2cap_fixed_chan_list_end = .

bt_gatt_service_static_area
                0x00000000000046b4        0x0
                0x00000000000046b4                _bt_gatt_service_static_list_start = .
 *(SORT_BY_NAME(SORT_BY_ALIGNMENT(._bt_gatt_service_static.static.*)))
                0x00000000000046b4                _bt_gatt_service_static_list_end = .

log_strings_area
                0x00000000000046b4        0x0
                0x00000000000046b4                _log_strings_list_start = .
 *(SORT_BY_NAME(SORT_BY_ALIGNMENT(._log_strings.static.*)))
                0x00000000000046b4                _log_strings_list_end = .

log_const_area  0x00000000000046b4        0x0
                0x00000000000046b4                _log_const_list_start = .
 *(SORT_BY_NAME(SORT_BY_ALIGNMENT(._log_const.static.*)))
                0x00000000000046b4                _log_const_list_end = .

log_backend_area
                0x00000000000046b4        0x0
                0x00000000000046b4                _log_backend_list_start = .
 *(SORT_BY_NAME(SORT_BY_ALIGNMENT(._log_backend.static.*)))
                0x00000000000046b4                _log_backend_list_end = .

log_link_area   0x00000000000046b4        0x0
                0x00000000000046b4                _log_link_list_start = .
 *(SORT_BY_NAME(SORT_BY_ALIGNMENT(._log_link.static.*)))
                0x00000000000046b4                _log_link_list_end = .

tracing_backend_area
                0x00000000000046b4        0x0
                0x00000000000046b4                _tracing_backend_list_start = .
 *(SORT_BY_NAME(SORT_BY_ALIGNMENT(._tracing_backend.static.*)))
                0x00000000000046b4                _tracing_backend_list_end = .

zephyr_dbg_info
 *(SORT_BY_ALIGNMENT(.dbg_thread_info))

intc_table_area
                0x00000000000046b4        0x0
                0x00000000000046b4                _intc_table_list_start = .
 *(SORT_BY_NAME(SORT_BY_ALIGNMENT(._intc_table.static.*)))
                0x00000000000046b4                _intc_table_list_end = .

symbol_to_keep  0x00000000000046b4        0x0
                0x00000000000046b4                __symbol_to_keep_start = .
 *(SORT_BY_NAME(SORT_BY_ALIGNMENT(.symbol_to_keep*)))
                0x00000000000046b4                __symbol_to_keep_end = .

shell_area      0x00000000000046b4        0x0
                0x00000000000046b4                _shell_list_start = .
 *(SORT_BY_NAME(SORT_BY_ALIGNMENT(._shell.static.*)))
                0x00000000000046b4                _shell_list_end = .

shell_root_cmds_area
                0x00000000000046b4        0x0
                0x00000000000046b4                _shell_root_cmds_list_start = .
 *(SORT_BY_NAME(SORT_BY_ALIGNMENT(._shell_root_cmds.static.*)))
                0x00000000000046b4                _shell_root_cmds_list_end = .

shell_subcmds_area
                0x00000000000046b4        0x0
                0x00000000000046b4                _shell_subcmds_list_start = .
 *(SORT_BY_NAME(SORT_BY_ALIGNMENT(._shell_subcmds.static.*)))
                0x00000000000046b4                _shell_subcmds_list_end = .

shell_dynamic_subcmds_area
                0x00000000000046b4        0x0
                0x00000000000046b4                _shell_dynamic_subcmds_list_start = .
 *(SORT_BY_NAME(SORT_BY_ALIGNMENT(._shell_dynamic_subcmds.static.*)))
                0x00000000000046b4                _shell_dynamic_subcmds_list_end = .

cfb_font_area   0x00000000000046b4        0x0
                0x00000000000046b4                _cfb_font_list_start = .
 *(SORT_BY_NAME(SORT_BY_ALIGNMENT(._cfb_font.static.*)))
                0x00000000000046b4                _cfb_font_list_end = .

tdata           0x00000000000046b4        0x0
 *(SORT_BY_ALIGNMENT(.tdata) SORT_BY_ALIGNMENT(.tdata.*) SORT_BY_ALIGNMENT(.gnu.linkonce.td.*))

tbss            0x00000000000046b4        0x4
 *(SORT_BY_ALIGNMENT(.tbss) SORT_BY_ALIGNMENT(.tbss.*) SORT_BY_ALIGNMENT(.gnu.linkonce.tb.*) SORT_BY_ALIGNMENT(.tcommon))
 .tbss.z_tls_current
                0x00000000000046b4        0x4 zephyr/libzephyr.a(thread_entry.c.obj)
                0x00000000000046b4                z_tls_current
                0x00000000000046b4                PROVIDE (__tdata_start = LOADADDR (tdata))
                0x0000000000000001                PROVIDE (__tdata_align = ALIGNOF (tdata))
                0x0000000000000000                PROVIDE (__tdata_size = (((SIZEOF (tdata) + __tdata_align) - 0x1) & ~ ((__tdata_align - 0x1))))
                [!provide]                        PROVIDE (__tdata_end = (__tdata_start + __tdata_size))
                0x0000000000000004                PROVIDE (__tbss_align = ALIGNOF (tbss))
                [!provide]                        PROVIDE (__tbss_start = ADDR (tbss))
                0x0000000000000004                PROVIDE (__tbss_size = (((SIZEOF (tbss) + __tbss_align) - 0x1) & ~ ((__tbss_align - 0x1))))
                [!provide]                        PROVIDE (__tbss_end = (__tbss_start + __tbss_size))
                [!provide]                        PROVIDE (__tls_start = __tdata_start)
                [!provide]                        PROVIDE (__tls_end = __tbss_end)
                [!provide]                        PROVIDE (__tls_size = (__tbss_end - __tdata_start))

rodata          0x00000000000046b8      0x538
 *(SORT_BY_ALIGNMENT(.rodata))
 *(SORT_BY_ALIGNMENT(.rodata.*))
 .rodata.DOUBLE_POW5_TABLE
                0x00000000000046b8       0xd0 c:\ncs\toolchains\b620d30767\opt\zephyr-sdk\arm-zephyr-eabi\bin\../lib/gcc/../../picolibc/arm-zephyr-eabi/lib/thumb/v8-m.main+fp/hard\libc.a(libc_tinystdio_ryu_table.c.o)
 .rodata.DOUBLE_POW5_SPLIT2
                0x0000000000004788       0xd0 c:\ncs\toolchains\b620d30767\opt\zephyr-sdk\arm-zephyr-eabi\bin\../lib/gcc/../../picolibc/arm-zephyr-eabi/lib/thumb/v8-m.main+fp/hard\libc.a(libc_tinystdio_ryu_table.c.o)
 .rodata.DOUBLE_POW5_INV_SPLIT2
                0x0000000000004858       0xf0 c:\ncs\toolchains\b620d30767\opt\zephyr-sdk\arm-zephyr-eabi\bin\../lib/gcc/../../picolibc/arm-zephyr-eabi/lib/thumb/v8-m.main+fp/hard\libc.a(libc_tinystdio_ryu_table.c.o)
 .rodata.stdout
                0x0000000000004948        0x4 zephyr/lib/libc/picolibc/liblib__libc__picolibc.a(libc-hooks.c.obj)
                0x0000000000004948                stderr
                0x0000000000004948                stdout
 .rodata.DT_N_S_clocks_S_pclkblock_40084000_S_fclk_cfg
                0x000000000000494c        0x8 zephyr/drivers/clock_control/libdrivers__clock_control.a(clock_control_renesas_ra_cgc.c.obj)
 .rodata.DT_N_S_clocks_S_pclkblock_40084000_S_bclk_cfg
                0x0000000000004954        0x8 zephyr/drivers/clock_control/libdrivers__clock_control.a(clock_control_renesas_ra_cgc.c.obj)
 .rodata.DT_N_S_clocks_S_pclkblock_40084000_S_pclkd_cfg
                0x000000000000495c        0x8 zephyr/drivers/clock_control/libdrivers__clock_control.a(clock_control_renesas_ra_cgc.c.obj)
 .rodata.DT_N_S_clocks_S_pclkblock_40084000_S_pclkc_cfg
                0x0000000000004964        0x8 zephyr/drivers/clock_control/libdrivers__clock_control.a(clock_control_renesas_ra_cgc.c.obj)
 .rodata.DT_N_S_clocks_S_pclkblock_40084000_S_pclkb_cfg
                0x000000000000496c        0x8 zephyr/drivers/clock_control/libdrivers__clock_control.a(clock_control_renesas_ra_cgc.c.obj)
 .rodata.DT_N_S_clocks_S_pclkblock_40084000_S_pclka_cfg
                0x0000000000004974        0x8 zephyr/drivers/clock_control/libdrivers__clock_control.a(clock_control_renesas_ra_cgc.c.obj)
 .rodata.DT_N_S_clocks_S_pclkblock_40084000_S_iclk_cfg
                0x000000000000497c        0x8 zephyr/drivers/clock_control/libdrivers__clock_control.a(clock_control_renesas_ra_cgc.c.obj)
 .rodata.clock_control_reneas_ra_api
                0x0000000000004984       0x1c zephyr/drivers/clock_control/libdrivers__clock_control.a(clock_control_renesas_ra_cgc.c.obj)
 .rodata.mstp_regs
                0x00000000000049a0       0x14 zephyr/drivers/clock_control/libdrivers__clock_control.a(clock_control_renesas_ra_cgc.c.obj)
 .rodata.gpio_ra_config_0
                0x00000000000049b4        0xd zephyr/drivers/gpio/libdrivers__gpio.a(gpio_renesas_ra_ioport.c.obj)
 *fill*         0x00000000000049c1        0x3 
 .rodata.gpio_ra_drv_api_funcs
                0x00000000000049c4       0x24 zephyr/drivers/gpio/libdrivers__gpio.a(gpio_renesas_ra_ioport.c.obj)
 .rodata.uart_ra_sci_config_0
                0x00000000000049e8        0x8 zephyr/drivers/serial/libdrivers__serial.a(uart_renesas_ra_sci.c.obj)
 .rodata.__pinctrl_dev_config__device_dts_ord_58
                0x00000000000049f0        0x8 zephyr/drivers/serial/libdrivers__serial.a(uart_renesas_ra_sci.c.obj)
 .rodata.__pinctrl_states__device_dts_ord_58
                0x00000000000049f8        0x8 zephyr/drivers/serial/libdrivers__serial.a(uart_renesas_ra_sci.c.obj)
 .rodata.__pinctrl_state_pins_0__device_dts_ord_58
                0x0000000000004a00       0x10 zephyr/drivers/serial/libdrivers__serial.a(uart_renesas_ra_sci.c.obj)
 .rodata.uart_ra_sci_driver_api
                0x0000000000004a10       0x4c zephyr/drivers/serial/libdrivers__serial.a(uart_renesas_ra_sci.c.obj)
 .rodata.levels.0
                0x0000000000004a5c       0x18 zephyr/kernel/libkernel.a(init.c.obj)
 .rodata.POW5_OFFSETS
                0x0000000000004a74       0x54 c:\ncs\toolchains\b620d30767\opt\zephyr-sdk\arm-zephyr-eabi\bin\../lib/gcc/../../picolibc/arm-zephyr-eabi/lib/thumb/v8-m.main+fp/hard\libc.a(libc_tinystdio_ryu_table.c.o)
 .rodata.POW5_INV_OFFSETS
                0x0000000000004ac8       0x54 c:\ncs\toolchains\b620d30767\opt\zephyr-sdk\arm-zephyr-eabi\bin\../lib/gcc/../../picolibc/arm-zephyr-eabi/lib/thumb/v8-m.main+fp/hard\libc.a(libc_tinystdio_ryu_table.c.o)
 .rodata.g_prcr_masks
                0x0000000000004b1c        0x8 zephyr/libzephyr.a(bsp_register_protection.c.obj)
 .rodata.g_div_coefficient
                0x0000000000004b24       0x1a zephyr/libzephyr.a(r_sci_uart.c.obj)
 .rodata.main.str1.1
                0x0000000000004b3e       0x16 app/libapp.a(main.c.obj)
 .rodata.g_async_baud
                0x0000000000004b54        0xd zephyr/libzephyr.a(r_sci_uart.c.obj)
 .rodata.str1.1
                0x0000000000004b61       0x3a zephyr/drivers/clock_control/libdrivers__clock_control.a(clock_control_renesas_ra_cgc.c.obj)
 .rodata.str1.1
                0x0000000000004b9b        0xe zephyr/drivers/gpio/libdrivers__gpio.a(gpio_renesas_ra_ioport.c.obj)
 .rodata.str1.1
                0x0000000000004ba9        0x5 zephyr/drivers/serial/libdrivers__serial.a(uart_renesas_ra_sci.c.obj)
 .rodata.z_cstart.str1.1
                0x0000000000004bae        0x5 zephyr/kernel/libkernel.a(init.c.obj)
 .rodata.boot_banner.str1.1
                0x0000000000004bb3       0x2e zephyr/kernel/libkernel.a(banner.c.obj)
 .rodata.vfprintf.str1.1
                0x0000000000004be1        0xf c:\ncs\toolchains\b620d30767\opt\zephyr-sdk\arm-zephyr-eabi\bin\../lib/gcc/../../picolibc/arm-zephyr-eabi/lib/thumb/v8-m.main+fp/hard\libc.a(libc_tinystdio_vfprintf.c.o)
 *(SORT_BY_ALIGNMENT(.gnu.linkonce.r.*))
                0x0000000000004bf0                . = ALIGN (0x4)
                0x0000000000004bf0                __rodata_region_end = .
                0x0000000000004bf0                . = ALIGN (_region_min_align)
                0x0000000000004bf0                __rom_region_end = ((__rom_region_start + .) - ADDR (rom_start))

/DISCARD/
 *(SORT_BY_ALIGNMENT(.got.plt))
 *(SORT_BY_ALIGNMENT(.igot.plt))
 *(SORT_BY_ALIGNMENT(.got))
 *(SORT_BY_ALIGNMENT(.igot))
                0x0000000020000000                . = 0x20000000
                0x0000000020000000                . = ALIGN (_region_min_align)
                0x0000000020000000                _image_ram_start = .

.ramfunc        0x0000000020000000        0x0 load address 0x0000000000004bf0
                0x0000000020000000                . = ALIGN (_region_min_align)
                0x0000000020000000                __ramfunc_start = .
 *(SORT_BY_ALIGNMENT(.ramfunc))
 *(SORT_BY_ALIGNMENT(.ramfunc.*))
                0x0000000020000000                . = ALIGN (_region_min_align)
                0x0000000020000000                __ramfunc_end = .
                0x0000000000000000                __ramfunc_size = (__ramfunc_end - __ramfunc_start)
                0x0000000000004bf0                __ramfunc_load_start = LOADADDR (.ramfunc)

datas           0x0000000020000000       0x9c load address 0x0000000000004bf0
                0x0000000020000000                __data_region_start = .
                0x0000000020000000                __data_start = .
 *(SORT_BY_ALIGNMENT(.data))
 *(SORT_BY_ALIGNMENT(.data.*))
 .data._char_out
                0x0000000020000000        0x4 zephyr/libzephyr.a(printk.c.obj)
 .data.__stdout
                0x0000000020000004       0x10 zephyr/lib/libc/picolibc/liblib__libc__picolibc.a(libc-hooks.c.obj)
 .data.uart_ra_sci_data_0
                0x0000000020000014       0x80 zephyr/drivers/serial/libdrivers__serial.a(uart_renesas_ra_sci.c.obj)
 .data.timeout_list
                0x0000000020000094        0x8 zephyr/kernel/libkernel.a(timeout.c.obj)
 *(SORT_BY_ALIGNMENT(.kernel.*))
                0x000000002000009c                __data_end = .
                0x000000000000009c                __data_size = (__data_end - __data_start)
                0x0000000000004bf0                __data_load_start = LOADADDR (datas)
                0x0000000000004bf0                __data_region_load_start = LOADADDR (datas)

device_states   0x000000002000009c       0x14 load address 0x0000000000004c8c
                0x000000002000009c                __device_states_start = .
 *(SORT_BY_ALIGNMENT(.z_devstate))
 .z_devstate    0x000000002000009c       0x10 zephyr/drivers/clock_control/libdrivers__clock_control.a(clock_control_renesas_ra_cgc.c.obj)
 .z_devstate    0x00000000200000ac        0x2 zephyr/drivers/gpio/libdrivers__gpio.a(gpio_renesas_ra_ioport.c.obj)
 .z_devstate    0x00000000200000ae        0x2 zephyr/drivers/serial/libdrivers__serial.a(uart_renesas_ra_sci.c.obj)
 *(SORT_BY_ALIGNMENT(.z_devstate.*))
                0x00000000200000b0                __device_states_end = .

log_mpsc_pbuf_area
                0x00000000200000b0        0x0 load address 0x0000000000004ca0
                0x00000000200000b0                _log_mpsc_pbuf_list_start = .
 *(SORT_BY_NAME(SORT_BY_ALIGNMENT(._log_mpsc_pbuf.static.*)))
                0x00000000200000b0                _log_mpsc_pbuf_list_end = .

log_msg_ptr_area
                0x00000000200000b0        0x0 load address 0x0000000000004ca0
                0x00000000200000b0                _log_msg_ptr_list_start = .
 *(SORT_BY_NAME(SORT_BY_ALIGNMENT(._log_msg_ptr.static.*)))
                0x00000000200000b0                _log_msg_ptr_list_end = .

log_dynamic_area
                0x00000000200000b0        0x0 load address 0x0000000000004ca0
                0x00000000200000b0                _log_dynamic_list_start = .
 *(SORT_BY_NAME(SORT_BY_ALIGNMENT(._log_dynamic.static.*)))
                0x00000000200000b0                _log_dynamic_list_end = .

k_timer_area    0x00000000200000b0        0x0 load address 0x0000000000004ca0
                0x00000000200000b0                _k_timer_list_start = .
 *(SORT_BY_NAME(SORT_BY_ALIGNMENT(._k_timer.static.*)))
                0x00000000200000b0                _k_timer_list_end = .

k_mem_slab_area
                0x00000000200000b0        0x0 load address 0x0000000000004ca0
                0x00000000200000b0                _k_mem_slab_list_start = .
 *(SORT_BY_NAME(SORT_BY_ALIGNMENT(._k_mem_slab.static.*)))
                0x00000000200000b0                _k_mem_slab_list_end = .

k_heap_area     0x00000000200000b0        0x0 load address 0x0000000000004ca0
                0x00000000200000b0                _k_heap_list_start = .
 *(SORT_BY_NAME(SORT_BY_ALIGNMENT(._k_heap.static.*)))
                0x00000000200000b0                _k_heap_list_end = .

k_mutex_area    0x00000000200000b0        0x0 load address 0x0000000000004ca0
                0x00000000200000b0                _k_mutex_list_start = .
 *(SORT_BY_NAME(SORT_BY_ALIGNMENT(._k_mutex.static.*)))
                0x00000000200000b0                _k_mutex_list_end = .

k_stack_area    0x00000000200000b0        0x0 load address 0x0000000000004ca0
                0x00000000200000b0                _k_stack_list_start = .
 *(SORT_BY_NAME(SORT_BY_ALIGNMENT(._k_stack.static.*)))
                0x00000000200000b0                _k_stack_list_end = .

k_msgq_area     0x00000000200000b0        0x0 load address 0x0000000000004ca0
                0x00000000200000b0                _k_msgq_list_start = .
 *(SORT_BY_NAME(SORT_BY_ALIGNMENT(._k_msgq.static.*)))
                0x00000000200000b0                _k_msgq_list_end = .

k_mbox_area     0x00000000200000b0        0x0 load address 0x0000000000004ca0
                0x00000000200000b0                _k_mbox_list_start = .
 *(SORT_BY_NAME(SORT_BY_ALIGNMENT(._k_mbox.static.*)))
                0x00000000200000b0                _k_mbox_list_end = .

k_pipe_area     0x00000000200000b0        0x0 load address 0x0000000000004ca0
                0x00000000200000b0                _k_pipe_list_start = .
 *(SORT_BY_NAME(SORT_BY_ALIGNMENT(._k_pipe.static.*)))
                0x00000000200000b0                _k_pipe_list_end = .

k_sem_area      0x00000000200000b0        0x0 load address 0x0000000000004ca0
                0x00000000200000b0                _k_sem_list_start = .
 *(SORT_BY_NAME(SORT_BY_ALIGNMENT(._k_sem.static.*)))
                0x00000000200000b0                _k_sem_list_end = .

k_event_area    0x00000000200000b0        0x0 load address 0x0000000000004ca0
                0x00000000200000b0                _k_event_list_start = .
 *(SORT_BY_NAME(SORT_BY_ALIGNMENT(._k_event.static.*)))
                0x00000000200000b0                _k_event_list_end = .

k_queue_area    0x00000000200000b0        0x0 load address 0x0000000000004ca0
                0x00000000200000b0                _k_queue_list_start = .
 *(SORT_BY_NAME(SORT_BY_ALIGNMENT(._k_queue.static.*)))
                0x00000000200000b0                _k_queue_list_end = .

k_fifo_area     0x00000000200000b0        0x0 load address 0x0000000000004ca0
                0x00000000200000b0                _k_fifo_list_start = .
 *(SORT_BY_NAME(SORT_BY_ALIGNMENT(._k_fifo.static.*)))
                0x00000000200000b0                _k_fifo_list_end = .

k_lifo_area     0x00000000200000b0        0x0 load address 0x0000000000004ca0
                0x00000000200000b0                _k_lifo_list_start = .
 *(SORT_BY_NAME(SORT_BY_ALIGNMENT(._k_lifo.static.*)))
                0x00000000200000b0                _k_lifo_list_end = .

k_condvar_area  0x00000000200000b0        0x0 load address 0x0000000000004ca0
                0x00000000200000b0                _k_condvar_list_start = .
 *(SORT_BY_NAME(SORT_BY_ALIGNMENT(._k_condvar.static.*)))
                0x00000000200000b0                _k_condvar_list_end = .

sys_mem_blocks_ptr_area
                0x00000000200000b0        0x0 load address 0x0000000000004ca0
                0x00000000200000b0                _sys_mem_blocks_ptr_list_start = .
 *(SORT_BY_NAME(SORT_BY_ALIGNMENT(._sys_mem_blocks_ptr.static.*)))
                0x00000000200000b0                _sys_mem_blocks_ptr_list_end = .

net_buf_pool_area
                0x00000000200000b0        0x0 load address 0x0000000000004ca0
                0x00000000200000b0                _net_buf_pool_list_start = .
 *(SORT_BY_NAME(SORT_BY_ALIGNMENT(._net_buf_pool.static.*)))
                0x00000000200000b0                _net_buf_pool_list_end = .
                0x00000000200000b0                __data_region_end = .

bss             0x00000000200000b0      0x442
                0x00000000200000b0                . = ALIGN (0x4)
                0x00000000200000b0                __bss_start = .
                0x00000000200000b0                __kernel_ram_start = .
 *(SORT_BY_ALIGNMENT(.bss))
 *(SORT_BY_ALIGNMENT(.bss.*))
 .bss.announced_cycles
                0x00000000200000b0        0x8 zephyr/drivers/timer/libdrivers__timer.a(cortex_m_systick.c.obj)
 .bss.cycle_count
                0x00000000200000b8        0x8 zephyr/drivers/timer/libdrivers__timer.a(cortex_m_systick.c.obj)
 .bss.z_idle_threads
                0x00000000200000c0       0xb8 zephyr/kernel/libkernel.a(init.c.obj)
                0x00000000200000c0                z_idle_threads
 .bss.z_main_thread
                0x0000000020000178       0xb8 zephyr/kernel/libkernel.a(init.c.obj)
                0x0000000020000178                z_main_thread
 .bss._thread_dummy
                0x0000000020000230       0xb8 zephyr/kernel/libkernel.a(sched.c.obj)
                0x0000000020000230                _thread_dummy
 .bss.slice_timeouts
                0x00000000200002e8       0x18 zephyr/kernel/libkernel.a(timeslicing.c.obj)
 .bss.curr_tick
                0x0000000020000300        0x8 zephyr/kernel/libkernel.a(timeout.c.obj)
 .bss.g_protect_pfswe_counter
                0x0000000020000308        0x4 zephyr/libzephyr.a(soc.c.obj)
                0x0000000020000308                g_protect_pfswe_counter
 .bss.SystemCoreClock
                0x000000002000030c        0x4 zephyr/libzephyr.a(soc.c.obj)
                0x000000002000030c                SystemCoreClock
 .bss.gp_renesas_isr_context
                0x0000000020000310      0x180 zephyr/libzephyr.a(bsp_irq.c.obj)
                0x0000000020000310                gp_renesas_isr_context
 .bss.z_arm_tls_ptr
                0x0000000020000490        0x4 zephyr/arch/arch/arm/core/libarch__arm__core.a(tls.c.obj)
                0x0000000020000490                z_arm_tls_ptr
 .bss._stdout_hook
                0x0000000020000494        0x4 zephyr/lib/libc/picolibc/liblib__libc__picolibc.a(libc-hooks.c.obj)
 .bss.z_malloc_heap
                0x0000000020000498        0xc zephyr/lib/libc/common/liblib__libc__common.a(malloc.c.obj)
 .bss.gpio_ra_data_0
                0x00000000200004a4        0x4 zephyr/drivers/gpio/libdrivers__gpio.a(gpio_renesas_ra_ioport.c.obj)
 .bss.overflow_cyc
                0x00000000200004a8        0x4 zephyr/drivers/timer/libdrivers__timer.a(cortex_m_systick.c.obj)
 .bss.last_load
                0x00000000200004ac        0x4 zephyr/drivers/timer/libdrivers__timer.a(cortex_m_systick.c.obj)
 .bss._kernel   0x00000000200004b0       0x28 zephyr/kernel/libkernel.a(init.c.obj)
                0x00000000200004b0                _kernel
 .bss.pending_current
                0x00000000200004d8        0x4 zephyr/kernel/libkernel.a(timeslicing.c.obj)
                0x00000000200004d8                pending_current
 .bss.slice_max_prio
                0x00000000200004dc        0x4 zephyr/kernel/libkernel.a(timeslicing.c.obj)
 .bss.slice_ticks
                0x00000000200004e0        0x4 zephyr/kernel/libkernel.a(timeslicing.c.obj)
 .bss.announce_remaining
                0x00000000200004e4        0x4 zephyr/kernel/libkernel.a(timeout.c.obj)
 .bss.g_protect_counters
                0x00000000200004e8        0x8 zephyr/libzephyr.a(bsp_register_protection.c.obj)
                0x00000000200004e8                g_protect_counters
 .bss.z_sys_post_kernel
                0x00000000200004f0        0x1 zephyr/kernel/libkernel.a(init.c.obj)
                0x00000000200004f0                z_sys_post_kernel
 .bss._sched_spinlock
                0x00000000200004f1        0x0 zephyr/kernel/libkernel.a(sched.c.obj)
                0x00000000200004f1                _sched_spinlock
 .bss.slice_expired
                0x00000000200004f1        0x1 zephyr/kernel/libkernel.a(timeslicing.c.obj)
 *(SORT_BY_ALIGNMENT(COMMON))
 *(SORT_BY_ALIGNMENT(.kernel_bss.*))
                0x00000000200004f4                __bss_end = ALIGN (0x4)

noinit          0x00000000200004f8      0xd60
 *(SORT_BY_ALIGNMENT(.noinit))
 .noinit        0x00000000200004f8       0x1c zephyr/libzephyr.a(bsp_clocks.c.obj)
 *(SORT_BY_ALIGNMENT(.noinit.*))
 *fill*         0x0000000020000514        0x4 
 .noinit."WEST_TOPDIR/zephyr/kernel/init.c".2
                0x0000000020000518      0x800 zephyr/kernel/libkernel.a(init.c.obj)
                0x0000000020000518                z_interrupt_stacks
 .noinit."WEST_TOPDIR/zephyr/kernel/init.c".1
                0x0000000020000d18      0x140 zephyr/kernel/libkernel.a(init.c.obj)
 .noinit."WEST_TOPDIR/zephyr/kernel/init.c".0
                0x0000000020000e58      0x400 zephyr/kernel/libkernel.a(init.c.obj)
                0x0000000020000e58                z_main_stack
 *(SORT_BY_ALIGNMENT(.kernel_noinit.*))
                0x0000000020080000                __kernel_ram_end = 0x20080000
                0x000000000007ff50                __kernel_ram_size = (__kernel_ram_end - __kernel_ram_start)

.code_in_ram    0x0000000020001258        0x0
                0x0000000020001258                . = ALIGN (0x4)
                0x0000000020001258                __Code_In_RAM_Start = .
 *(SORT_BY_ALIGNMENT(.code_in_ram*))
                0x0000000020001258                __Code_In_RAM_End = .

.fsp_dtc_vector_table
 *(SORT_BY_ALIGNMENT(.fsp_dtc_vector_table))

.option_setting_ofs
                0x000000000100a100       0x14
                0x000000000100a100                __OPTION_SETTING_OFS_Start = .
 *(SORT_BY_ALIGNMENT(.option_setting_ofs0))
 .option_setting_ofs0
                0x000000000100a100        0x4 zephyr/libzephyr.a(bsp_rom_registers.c.obj)
                0x000000000100a104                . = (__OPTION_SETTING_OFS_Start + 0x4)
 *(SORT_BY_ALIGNMENT(.option_setting_ofs2))
                0x000000000100a110                . = (__OPTION_SETTING_OFS_Start + 0x10)
 *fill*         0x000000000100a104        0xc ff
 *(SORT_BY_ALIGNMENT(.option_setting_dualsel))
 .option_setting_dualsel
                0x000000000100a110        0x4 zephyr/libzephyr.a(bsp_rom_registers.c.obj)
                0x000000000100a114                __OPTION_SETTING_OFS_End = .

.option_setting_sas
                0x000000000100a134        0x4
                0x000000000100a134                __OPTION_SETTING_SAS_Start = .
 *(SORT_BY_ALIGNMENT(.option_setting_sas))
 .option_setting_sas
                0x000000000100a134        0x4 zephyr/libzephyr.a(bsp_rom_registers.c.obj)
                0x000000000100a138                __OPTION_SETTING_SAS_End = .

.option_setting_s
                0x000000000100a200       0xd0
                0x000000000100a200                __OPTION_SETTING_S_Start = .
 *(SORT_BY_ALIGNMENT(.option_setting_ofs1_sec))
 .option_setting_ofs1_sec
                0x000000000100a200        0x4 zephyr/libzephyr.a(bsp_rom_registers.c.obj)
                0x000000000100a204                . = (__OPTION_SETTING_S_Start + 0x4)
 *(SORT_BY_ALIGNMENT(.option_setting_ofs3_sec))
                0x000000000100a210                . = (__OPTION_SETTING_S_Start + 0x10)
 *fill*         0x000000000100a204        0xc ff
 *(SORT_BY_ALIGNMENT(.option_setting_banksel_sec))
 .option_setting_banksel_sec
                0x000000000100a210        0x4 zephyr/libzephyr.a(bsp_rom_registers.c.obj)
                0x000000000100a240                . = (__OPTION_SETTING_S_Start + 0x40)
 *fill*         0x000000000100a214       0x2c ff
 *(SORT_BY_ALIGNMENT(.option_setting_bps_sec0))
 .option_setting_bps_sec0
                0x000000000100a240        0x4 zephyr/libzephyr.a(bsp_rom_registers.c.obj)
                0x000000000100a244                . = (__OPTION_SETTING_S_Start + 0x44)
 *(SORT_BY_ALIGNMENT(.option_setting_bps_sec1))
 .option_setting_bps_sec1
                0x000000000100a244        0x4 zephyr/libzephyr.a(bsp_rom_registers.c.obj)
                0x000000000100a248                . = (__OPTION_SETTING_S_Start + 0x48)
 *(SORT_BY_ALIGNMENT(.option_setting_bps_sec2))
 .option_setting_bps_sec2
                0x000000000100a248        0x4 zephyr/libzephyr.a(bsp_rom_registers.c.obj)
                0x000000000100a24c                . = (__OPTION_SETTING_S_Start + 0x4c)
 *(SORT_BY_ALIGNMENT(.option_setting_bps_sec3))
 .option_setting_bps_sec3
                0x000000000100a24c        0x4 zephyr/libzephyr.a(bsp_rom_registers.c.obj)
                0x000000000100a260                . = (__OPTION_SETTING_S_Start + 0x60)
 *fill*         0x000000000100a250       0x10 ff
 *(SORT_BY_ALIGNMENT(.option_setting_pbps_sec0))
 .option_setting_pbps_sec0
                0x000000000100a260        0x4 zephyr/libzephyr.a(bsp_rom_registers.c.obj)
                0x000000000100a264                . = (__OPTION_SETTING_S_Start + 0x64)
 *(SORT_BY_ALIGNMENT(.option_setting_pbps_sec1))
 .option_setting_pbps_sec1
                0x000000000100a264        0x4 zephyr/libzephyr.a(bsp_rom_registers.c.obj)
                0x000000000100a268                . = (__OPTION_SETTING_S_Start + 0x68)
 *(SORT_BY_ALIGNMENT(.option_setting_pbps_sec2))
 .option_setting_pbps_sec2
                0x000000000100a268        0x4 zephyr/libzephyr.a(bsp_rom_registers.c.obj)
                0x000000000100a26c                . = (__OPTION_SETTING_S_Start + 0x6c)
 *(SORT_BY_ALIGNMENT(.option_setting_pbps_sec3))
 .option_setting_pbps_sec3
                0x000000000100a26c        0x4 zephyr/libzephyr.a(bsp_rom_registers.c.obj)
                0x000000000100a280                . = (__OPTION_SETTING_S_Start + 0x80)
 *fill*         0x000000000100a270       0x10 ff
 *(SORT_BY_ALIGNMENT(.option_setting_ofs1_sel))
 .option_setting_ofs1_sel
                0x000000000100a280        0x4 zephyr/libzephyr.a(bsp_rom_registers.c.obj)
                0x000000000100a284                . = (__OPTION_SETTING_S_Start + 0x84)
 *(SORT_BY_ALIGNMENT(.option_setting_ofs3_sel))
                0x000000000100a290                . = (__OPTION_SETTING_S_Start + 0x90)
 *fill*         0x000000000100a284        0xc ff
 *(SORT_BY_ALIGNMENT(.option_setting_banksel_sel))
 .option_setting_banksel_sel
                0x000000000100a290        0x4 zephyr/libzephyr.a(bsp_rom_registers.c.obj)
                0x000000000100a2c0                . = (__OPTION_SETTING_S_Start + 0xc0)
 *fill*         0x000000000100a294       0x2c ff
 *(SORT_BY_ALIGNMENT(.option_setting_bps_sel0))
 .option_setting_bps_sel0
                0x000000000100a2c0        0x4 zephyr/libzephyr.a(bsp_rom_registers.c.obj)
                0x000000000100a2c4                . = (__OPTION_SETTING_S_Start + 0xc4)
 *(SORT_BY_ALIGNMENT(.option_setting_bps_sel1))
 .option_setting_bps_sel1
                0x000000000100a2c4        0x4 zephyr/libzephyr.a(bsp_rom_registers.c.obj)
                0x000000000100a2c8                . = (__OPTION_SETTING_S_Start + 0xc8)
 *(SORT_BY_ALIGNMENT(.option_setting_bps_sel2))
 .option_setting_bps_sel2
                0x000000000100a2c8        0x4 zephyr/libzephyr.a(bsp_rom_registers.c.obj)
                0x000000000100a2cc                . = (__OPTION_SETTING_S_Start + 0xcc)
 *(SORT_BY_ALIGNMENT(.option_setting_bps_sel3))
 .option_setting_bps_sel3
                0x000000000100a2cc        0x4 zephyr/libzephyr.a(bsp_rom_registers.c.obj)
                0x000000000100a2d0                __OPTION_SETTING_S_End = .

/DISCARD/
 *(SORT_BY_ALIGNMENT(.irq_info*))
 *(SORT_BY_ALIGNMENT(.intList*))

.last_ram_section
                0x0000000020001258        0x0
                0x0000000020001258                _image_ram_end = .
                0x0000000000001258                _image_ram_size = (_image_ram_end - _image_ram_start)
                0x0000000020001258                _end = .
                0x0000000020001258                z_mapped_end = .

.stab
 *(SORT_BY_ALIGNMENT(.stab))

.stabstr
 *(SORT_BY_ALIGNMENT(.stabstr))

.stab.excl
 *(SORT_BY_ALIGNMENT(.stab.excl))

.stab.exclstr
 *(SORT_BY_ALIGNMENT(.stab.exclstr))

.stab.index
 *(SORT_BY_ALIGNMENT(.stab.index))

.stab.indexstr
 *(SORT_BY_ALIGNMENT(.stab.indexstr))

.gnu.build.attributes
 *(SORT_BY_ALIGNMENT(.gnu.build.attributes) SORT_BY_ALIGNMENT(.gnu.build.attributes.*))

.comment        0x0000000000000000       0x20
 *(SORT_BY_ALIGNMENT(.comment))
 .comment       0x0000000000000000       0x20 zephyr/CMakeFiles/zephyr_final.dir/isr_tables.c.obj
                                         0x21 (size before relaxing)
 .comment       0x0000000000000020       0x21 zephyr/CMakeFiles/offsets.dir/./arch/arm/core/offsets/offsets.c.obj
 .comment       0x0000000000000020       0x21 app/libapp.a(main.c.obj)
 .comment       0x0000000000000020       0x21 zephyr/libzephyr.a(heap.c.obj)
 .comment       0x0000000000000020       0x21 zephyr/libzephyr.a(printk.c.obj)
 .comment       0x0000000000000020       0x21 zephyr/libzephyr.a(thread_entry.c.obj)
 .comment       0x0000000000000020       0x21 zephyr/libzephyr.a(configs.c.obj)
 .comment       0x0000000000000020       0x21 zephyr/libzephyr.a(soc.c.obj)
 .comment       0x0000000000000020       0x21 zephyr/libzephyr.a(bsp_rom_registers.c.obj)
 .comment       0x0000000000000020       0x21 zephyr/libzephyr.a(bsp_clocks.c.obj)
 .comment       0x0000000000000020       0x21 zephyr/libzephyr.a(bsp_delay.c.obj)
 .comment       0x0000000000000020       0x21 zephyr/libzephyr.a(bsp_register_protection.c.obj)
 .comment       0x0000000000000020       0x21 zephyr/libzephyr.a(bsp_irq.c.obj)
 .comment       0x0000000000000020       0x21 zephyr/libzephyr.a(r_sci_uart.c.obj)
 .comment       0x0000000000000020       0x21 zephyr/arch/arch/arm/core/libarch__arm__core.a(fatal.c.obj)
 .comment       0x0000000000000020       0x21 zephyr/arch/arch/arm/core/libarch__arm__core.a(nmi.c.obj)
 .comment       0x0000000000000020       0x21 zephyr/arch/arch/arm/core/libarch__arm__core.a(tls.c.obj)
 .comment       0x0000000000000020       0x21 zephyr/arch/arch/arm/core/cortex_m/libarch__arm__core__cortex_m.a(exc_exit.c.obj)
 .comment       0x0000000000000020       0x21 zephyr/arch/arch/arm/core/cortex_m/libarch__arm__core__cortex_m.a(fault.c.obj)
 .comment       0x0000000000000020       0x21 zephyr/arch/arch/arm/core/cortex_m/libarch__arm__core__cortex_m.a(thread_abort.c.obj)
 .comment       0x0000000000000020       0x21 zephyr/arch/arch/arm/core/cortex_m/libarch__arm__core__cortex_m.a(swap.c.obj)
 .comment       0x0000000000000020       0x21 zephyr/arch/arch/arm/core/cortex_m/libarch__arm__core__cortex_m.a(irq_manage.c.obj)
 .comment       0x0000000000000020       0x21 zephyr/arch/arch/arm/core/cortex_m/libarch__arm__core__cortex_m.a(prep_c.c.obj)
 .comment       0x0000000000000020       0x21 zephyr/arch/arch/arm/core/cortex_m/libarch__arm__core__cortex_m.a(thread.c.obj)
 .comment       0x0000000000000020       0x21 zephyr/arch/arch/arm/core/cortex_m/libarch__arm__core__cortex_m.a(cpu_idle.c.obj)
 .comment       0x0000000000000020       0x21 zephyr/arch/arch/arm/core/cortex_m/libarch__arm__core__cortex_m.a(irq_init.c.obj)
 .comment       0x0000000000000020       0x21 zephyr/arch/arch/arm/core/cortex_m/libarch__arm__core__cortex_m.a(isr_wrapper.c.obj)
 .comment       0x0000000000000020       0x21 zephyr/lib/libc/picolibc/liblib__libc__picolibc.a(libc-hooks.c.obj)
 .comment       0x0000000000000020       0x21 zephyr/lib/libc/common/liblib__libc__common.a(malloc.c.obj)
 .comment       0x0000000000000020       0x21 zephyr/drivers/clock_control/libdrivers__clock_control.a(clock_control_renesas_ra_cgc.c.obj)
 .comment       0x0000000000000020       0x21 zephyr/drivers/console/libdrivers__console.a(uart_console.c.obj)
 .comment       0x0000000000000020       0x21 zephyr/drivers/gpio/libdrivers__gpio.a(gpio_renesas_ra_ioport.c.obj)
 .comment       0x0000000000000020       0x21 zephyr/drivers/pinctrl/libdrivers__pinctrl.a(common.c.obj)
 .comment       0x0000000000000020       0x21 zephyr/drivers/pinctrl/libdrivers__pinctrl.a(pinctrl_ra.c.obj)
 .comment       0x0000000000000020       0x21 zephyr/drivers/serial/libdrivers__serial.a(uart_renesas_ra_sci.c.obj)
 .comment       0x0000000000000020       0x21 zephyr/drivers/timer/libdrivers__timer.a(cortex_m_systick.c.obj)
 .comment       0x0000000000000020       0x21 zephyr/kernel/libkernel.a(device.c.obj)
 .comment       0x0000000000000020       0x21 zephyr/kernel/libkernel.a(fatal.c.obj)
 .comment       0x0000000000000020       0x21 zephyr/kernel/libkernel.a(init.c.obj)
 .comment       0x0000000000000020       0x21 zephyr/kernel/libkernel.a(init_static.c.obj)
 .comment       0x0000000000000020       0x21 zephyr/kernel/libkernel.a(idle.c.obj)
 .comment       0x0000000000000020       0x21 zephyr/kernel/libkernel.a(thread.c.obj)
 .comment       0x0000000000000020       0x21 zephyr/kernel/libkernel.a(sched.c.obj)
 .comment       0x0000000000000020       0x21 zephyr/kernel/libkernel.a(timeslicing.c.obj)
 .comment       0x0000000000000020       0x21 zephyr/kernel/libkernel.a(xip.c.obj)
 .comment       0x0000000000000020       0x21 zephyr/kernel/libkernel.a(timeout.c.obj)
 .comment       0x0000000000000020       0x21 zephyr/kernel/libkernel.a(banner.c.obj)

.debug
 *(SORT_BY_ALIGNMENT(.debug))

.line
 *(SORT_BY_ALIGNMENT(.line))

.debug_srcinfo
 *(SORT_BY_ALIGNMENT(.debug_srcinfo))

.debug_sfnames
 *(SORT_BY_ALIGNMENT(.debug_sfnames))

.debug_aranges  0x0000000000000000      0xdf8
 *(SORT_BY_ALIGNMENT(.debug_aranges))
 .debug_aranges
                0x0000000000000000       0x20 zephyr/arch/arch/arm/core/libarch__arm__core.a(nmi_on_reset.S.obj)
 .debug_aranges
                0x0000000000000020       0x20 zephyr/arch/arch/arm/core/cortex_m/libarch__arm__core__cortex_m.a(fault_s.S.obj)
 .debug_aranges
                0x0000000000000040       0x20 zephyr/arch/arch/arm/core/cortex_m/libarch__arm__core__cortex_m.a(reset.S.obj)
 .debug_aranges
                0x0000000000000060       0x28 zephyr/arch/arch/arm/core/cortex_m/libarch__arm__core__cortex_m.a(swap_helper.S.obj)
 .debug_aranges
                0x0000000000000088       0x20 zephyr/arch/arch/arm/core/cortex_m/libarch__arm__core__cortex_m.a(__aeabi_read_tp.S.obj)
 .debug_aranges
                0x00000000000000a8       0x18 zephyr/CMakeFiles/zephyr_final.dir/isr_tables.c.obj
 .debug_aranges
                0x00000000000000c0       0x20 zephyr/CMakeFiles/offsets.dir/./arch/arm/core/offsets/offsets.c.obj
 .debug_aranges
                0x00000000000000e0       0x20 app/libapp.a(main.c.obj)
 .debug_aranges
                0x0000000000000100       0xb8 zephyr/libzephyr.a(heap.c.obj)
 .debug_aranges
                0x00000000000001b8       0x50 zephyr/libzephyr.a(printk.c.obj)
 .debug_aranges
                0x0000000000000208       0x20 zephyr/libzephyr.a(thread_entry.c.obj)
 .debug_aranges
                0x0000000000000228       0x20 zephyr/libzephyr.a(configs.c.obj)
 .debug_aranges
                0x0000000000000248       0x20 zephyr/libzephyr.a(soc.c.obj)
 .debug_aranges
                0x0000000000000268       0x18 zephyr/libzephyr.a(bsp_rom_registers.c.obj)
 .debug_aranges
                0x0000000000000280       0x70 zephyr/libzephyr.a(bsp_clocks.c.obj)
 .debug_aranges
                0x00000000000002f0       0x28 zephyr/libzephyr.a(bsp_delay.c.obj)
 .debug_aranges
                0x0000000000000318       0x28 zephyr/libzephyr.a(bsp_register_protection.c.obj)
 .debug_aranges
                0x0000000000000340       0x58 zephyr/libzephyr.a(bsp_irq.c.obj)
 .debug_aranges
                0x0000000000000398       0xa0 zephyr/libzephyr.a(r_sci_uart.c.obj)
 .debug_aranges
                0x0000000000000438       0x30 zephyr/arch/arch/arm/core/libarch__arm__core.a(fatal.c.obj)
 .debug_aranges
                0x0000000000000468       0x20 zephyr/arch/arch/arm/core/libarch__arm__core.a(nmi.c.obj)
 .debug_aranges
                0x0000000000000488       0x20 zephyr/arch/arch/arm/core/libarch__arm__core.a(tls.c.obj)
 .debug_aranges
                0x00000000000004a8       0x20 zephyr/arch/arch/arm/core/cortex_m/libarch__arm__core__cortex_m.a(exc_exit.c.obj)
 .debug_aranges
                0x00000000000004c8       0x40 zephyr/arch/arch/arm/core/cortex_m/libarch__arm__core__cortex_m.a(fault.c.obj)
 .debug_aranges
                0x0000000000000508       0x20 zephyr/arch/arch/arm/core/cortex_m/libarch__arm__core__cortex_m.a(thread_abort.c.obj)
 .debug_aranges
                0x0000000000000528       0x28 zephyr/arch/arch/arm/core/cortex_m/libarch__arm__core__cortex_m.a(swap.c.obj)
 .debug_aranges
                0x0000000000000550       0x40 zephyr/arch/arch/arm/core/cortex_m/libarch__arm__core__cortex_m.a(irq_manage.c.obj)
 .debug_aranges
                0x0000000000000590       0x20 zephyr/arch/arch/arm/core/cortex_m/libarch__arm__core__cortex_m.a(prep_c.c.obj)
 .debug_aranges
                0x00000000000005b0       0x48 zephyr/arch/arch/arm/core/cortex_m/libarch__arm__core__cortex_m.a(thread.c.obj)
 .debug_aranges
                0x00000000000005f8       0x30 zephyr/arch/arch/arm/core/cortex_m/libarch__arm__core__cortex_m.a(cpu_idle.c.obj)
 .debug_aranges
                0x0000000000000628       0x20 zephyr/arch/arch/arm/core/cortex_m/libarch__arm__core__cortex_m.a(irq_init.c.obj)
 .debug_aranges
                0x0000000000000648       0x20 zephyr/arch/arch/arm/core/cortex_m/libarch__arm__core__cortex_m.a(isr_wrapper.c.obj)
 .debug_aranges
                0x0000000000000668       0xb0 zephyr/lib/libc/picolibc/liblib__libc__picolibc.a(libc-hooks.c.obj)
 .debug_aranges
                0x0000000000000718       0x60 zephyr/lib/libc/common/liblib__libc__common.a(malloc.c.obj)
 .debug_aranges
                0x0000000000000778       0x40 zephyr/drivers/clock_control/libdrivers__clock_control.a(clock_control_renesas_ra_cgc.c.obj)
 .debug_aranges
                0x00000000000007b8       0x30 zephyr/drivers/console/libdrivers__console.a(uart_console.c.obj)
 .debug_aranges
                0x00000000000007e8       0x48 zephyr/drivers/gpio/libdrivers__gpio.a(gpio_renesas_ra_ioport.c.obj)
 .debug_aranges
                0x0000000000000830       0x20 zephyr/drivers/pinctrl/libdrivers__pinctrl.a(common.c.obj)
 .debug_aranges
                0x0000000000000850       0x20 zephyr/drivers/pinctrl/libdrivers__pinctrl.a(pinctrl_ra.c.obj)
 .debug_aranges
                0x0000000000000870       0xe0 zephyr/drivers/serial/libdrivers__serial.a(uart_renesas_ra_sci.c.obj)
 .debug_aranges
                0x0000000000000950       0x60 zephyr/drivers/timer/libdrivers__timer.a(cortex_m_systick.c.obj)
 .debug_aranges
                0x00000000000009b0       0x38 zephyr/kernel/libkernel.a(device.c.obj)
 .debug_aranges
                0x00000000000009e8       0x38 zephyr/kernel/libkernel.a(fatal.c.obj)
 .debug_aranges
                0x0000000000000a20       0x68 zephyr/kernel/libkernel.a(init.c.obj)
 .debug_aranges
                0x0000000000000a88       0x20 zephyr/kernel/libkernel.a(init_static.c.obj)
 .debug_aranges
                0x0000000000000aa8       0x28 zephyr/kernel/libkernel.a(idle.c.obj)
 .debug_aranges
                0x0000000000000ad0       0x90 zephyr/kernel/libkernel.a(thread.c.obj)
 .debug_aranges
                0x0000000000000b60      0x188 zephyr/kernel/libkernel.a(sched.c.obj)
 .debug_aranges
                0x0000000000000ce8       0x40 zephyr/kernel/libkernel.a(timeslicing.c.obj)
 .debug_aranges
                0x0000000000000d28       0x20 zephyr/kernel/libkernel.a(xip.c.obj)
 .debug_aranges
                0x0000000000000d48       0x90 zephyr/kernel/libkernel.a(timeout.c.obj)
 .debug_aranges
                0x0000000000000dd8       0x20 zephyr/kernel/libkernel.a(banner.c.obj)

.debug_pubnames
 *(SORT_BY_ALIGNMENT(.debug_pubnames))

.debug_info     0x0000000000000000    0x41242
 *(SORT_BY_ALIGNMENT(.debug_info) SORT_BY_ALIGNMENT(.gnu.linkonce.wi.*))
 .debug_info    0x0000000000000000      0x197 zephyr/CMakeFiles/zephyr_final.dir/isr_tables.c.obj
 .debug_info    0x0000000000000197       0xea zephyr/CMakeFiles/offsets.dir/./arch/arm/core/offsets/offsets.c.obj
 .debug_info    0x0000000000000281      0xab6 app/libapp.a(main.c.obj)
 .debug_info    0x0000000000000d37     0x2930 zephyr/libzephyr.a(heap.c.obj)
 .debug_info    0x0000000000003667      0x587 zephyr/libzephyr.a(printk.c.obj)
 .debug_info    0x0000000000003bee      0x858 zephyr/libzephyr.a(thread_entry.c.obj)
 .debug_info    0x0000000000004446       0x38 zephyr/libzephyr.a(configs.c.obj)
 .debug_info    0x000000000000447e     0x162f zephyr/libzephyr.a(soc.c.obj)
 .debug_info    0x0000000000005aad      0x1ec zephyr/libzephyr.a(bsp_rom_registers.c.obj)
 .debug_info    0x0000000000005c99     0x6018 zephyr/libzephyr.a(bsp_clocks.c.obj)
 .debug_info    0x000000000000bcb1      0x1cf zephyr/libzephyr.a(bsp_delay.c.obj)
 .debug_info    0x000000000000be80     0x3f51 zephyr/libzephyr.a(bsp_register_protection.c.obj)
 .debug_info    0x000000000000fdd1     0x22a0 zephyr/libzephyr.a(bsp_irq.c.obj)
 .debug_info    0x0000000000012071     0x8f6a zephyr/libzephyr.a(r_sci_uart.c.obj)
 .debug_info    0x000000000001afdb      0x794 zephyr/arch/arch/arm/core/libarch__arm__core.a(fatal.c.obj)
 .debug_info    0x000000000001b76f       0xc4 zephyr/arch/arch/arm/core/libarch__arm__core.a(nmi.c.obj)
 .debug_info    0x000000000001b833       0x23 zephyr/arch/arch/arm/core/libarch__arm__core.a(nmi_on_reset.S.obj)
 .debug_info    0x000000000001b856      0x832 zephyr/arch/arch/arm/core/libarch__arm__core.a(tls.c.obj)
 .debug_info    0x000000000001c088      0xa6c zephyr/arch/arch/arm/core/cortex_m/libarch__arm__core__cortex_m.a(exc_exit.c.obj)
 .debug_info    0x000000000001caf4     0x178e zephyr/arch/arch/arm/core/cortex_m/libarch__arm__core__cortex_m.a(fault.c.obj)
 .debug_info    0x000000000001e282       0x23 zephyr/arch/arch/arm/core/cortex_m/libarch__arm__core__cortex_m.a(fault_s.S.obj)